<?xml version="1.0" encoding="ISO-8859-1" ?>
<link_info>
   <banner>TI ARM Linker PC v18.12.2.LTS</banner>
   <copyright>Copyright (c) 1996-2018 Texas Instruments Incorporated</copyright>
   <link_time>0x5dbb845b</link_time>
   <link_errors>0x0</link_errors>
   <output_file>Project2.out</output_file>
   <entry_point>
      <name>_c_int00_noargs</name>
      <address>0x2000905d</address>
   </entry_point>
   <input_file_list>
      <input_file id="fl-2">
         <path>.\</path>
         <kind>object</kind>
         <file>main.obj</file>
         <name>main.obj</name>
      </input_file>
      <input_file id="fl-3">
         <path>.\</path>
         <kind>object</kind>
         <file>pin_mux_config.obj</file>
         <name>pin_mux_config.obj</name>
      </input_file>
      <input_file id="fl-4">
         <path>.\</path>
         <kind>object</kind>
         <file>spi.obj</file>
         <name>spi.obj</name>
      </input_file>
      <input_file id="fl-5">
         <path>.\</path>
         <kind>object</kind>
         <file>startup_ccs.obj</file>
         <name>startup_ccs.obj</name>
      </input_file>
      <input_file id="fl-6">
         <path>.\</path>
         <kind>object</kind>
         <file>systick_if.obj</file>
         <name>systick_if.obj</name>
      </input_file>
      <input_file id="fl-7">
         <path>.\</path>
         <kind>object</kind>
         <file>timer_if.obj</file>
         <name>timer_if.obj</name>
      </input_file>
      <input_file id="fl-8">
         <path>.\</path>
         <kind>object</kind>
         <file>uart_if.obj</file>
         <name>uart_if.obj</name>
      </input_file>
      <input_file id="fl-d">
         <kind>object</kind>
         <file>&lt;internal&gt;</file>
         <name>&lt;internal&gt;</name>
      </input_file>
      <input_file id="fl-e">
         <path>C:\ti\CC3200SDK_1.4.0\cc3200-sdk\driverlib\ccs\Release\</path>
         <kind>archive</kind>
         <file>driverlib.a</file>
         <name>interrupt.obj</name>
      </input_file>
      <input_file id="fl-f">
         <path>C:\ti\CC3200SDK_1.4.0\cc3200-sdk\driverlib\ccs\Release\</path>
         <kind>archive</kind>
         <file>driverlib.a</file>
         <name>pin.obj</name>
      </input_file>
      <input_file id="fl-10">
         <path>C:\ti\CC3200SDK_1.4.0\cc3200-sdk\driverlib\ccs\Release\</path>
         <kind>archive</kind>
         <file>driverlib.a</file>
         <name>prcm.obj</name>
      </input_file>
      <input_file id="fl-11">
         <path>C:\ti\CC3200SDK_1.4.0\cc3200-sdk\driverlib\ccs\Release\</path>
         <kind>archive</kind>
         <file>driverlib.a</file>
         <name>systick.obj</name>
      </input_file>
      <input_file id="fl-12">
         <path>C:\ti\CC3200SDK_1.4.0\cc3200-sdk\driverlib\ccs\Release\</path>
         <kind>archive</kind>
         <file>driverlib.a</file>
         <name>timer.obj</name>
      </input_file>
      <input_file id="fl-13">
         <path>C:\ti\CC3200SDK_1.4.0\cc3200-sdk\driverlib\ccs\Release\</path>
         <kind>archive</kind>
         <file>driverlib.a</file>
         <name>uart.obj</name>
      </input_file>
      <input_file id="fl-14">
         <path>C:\ti\CC3200SDK_1.4.0\cc3200-sdk\driverlib\ccs\Release\</path>
         <kind>archive</kind>
         <file>driverlib.a</file>
         <name>utils.obj</name>
      </input_file>
      <input_file id="fl-15">
         <path>C:\ti\CC3200SDK_1.4.0\cc3200-sdk\driverlib\ccs\Release\</path>
         <kind>archive</kind>
         <file>driverlib.a</file>
         <name>cpu.obj</name>
      </input_file>
      <input_file id="fl-16">
         <path>C:\ti\CC3200SDK_1.4.0\cc3200-sdk\driverlib\ccs\Release\</path>
         <kind>archive</kind>
         <file>driverlib.a</file>
         <name>flash.obj</name>
      </input_file>
      <input_file id="fl-cc">
         <path>C:\ti\ccs910\ccs\tools\compiler\ti-cgt-arm_18.12.2.LTS\lib\</path>
         <kind>archive</kind>
         <file>rtsv7M4_T_le_eabi.lib</file>
         <name>printf.c.obj</name>
      </input_file>
      <input_file id="fl-cd">
         <path>C:\ti\ccs910\ccs\tools\compiler\ti-cgt-arm_18.12.2.LTS\lib\</path>
         <kind>archive</kind>
         <file>rtsv7M4_T_le_eabi.lib</file>
         <name>fprintf.c.obj</name>
      </input_file>
      <input_file id="fl-ce">
         <path>C:\ti\ccs910\ccs\tools\compiler\ti-cgt-arm_18.12.2.LTS\lib\</path>
         <kind>archive</kind>
         <file>rtsv7M4_T_le_eabi.lib</file>
         <name>_printfi.c.obj</name>
      </input_file>
      <input_file id="fl-cf">
         <path>C:\ti\ccs910\ccs\tools\compiler\ti-cgt-arm_18.12.2.LTS\lib\</path>
         <kind>archive</kind>
         <file>rtsv7M4_T_le_eabi.lib</file>
         <name>vsnprintf.c.obj</name>
      </input_file>
      <input_file id="fl-d0">
         <path>C:\ti\ccs910\ccs\tools\compiler\ti-cgt-arm_18.12.2.LTS\lib\</path>
         <kind>archive</kind>
         <file>rtsv7M4_T_le_eabi.lib</file>
         <name>fclose.c.obj</name>
      </input_file>
      <input_file id="fl-d1">
         <path>C:\ti\ccs910\ccs\tools\compiler\ti-cgt-arm_18.12.2.LTS\lib\</path>
         <kind>archive</kind>
         <file>rtsv7M4_T_le_eabi.lib</file>
         <name>fflush.c.obj</name>
      </input_file>
      <input_file id="fl-d2">
         <path>C:\ti\ccs910\ccs\tools\compiler\ti-cgt-arm_18.12.2.LTS\lib\</path>
         <kind>archive</kind>
         <file>rtsv7M4_T_le_eabi.lib</file>
         <name>fopen.c.obj</name>
      </input_file>
      <input_file id="fl-d3">
         <path>C:\ti\ccs910\ccs\tools\compiler\ti-cgt-arm_18.12.2.LTS\lib\</path>
         <kind>archive</kind>
         <file>rtsv7M4_T_le_eabi.lib</file>
         <name>fputc.c.obj</name>
      </input_file>
      <input_file id="fl-d4">
         <path>C:\ti\ccs910\ccs\tools\compiler\ti-cgt-arm_18.12.2.LTS\lib\</path>
         <kind>archive</kind>
         <file>rtsv7M4_T_le_eabi.lib</file>
         <name>fputs.c.obj</name>
      </input_file>
      <input_file id="fl-d5">
         <path>C:\ti\ccs910\ccs\tools\compiler\ti-cgt-arm_18.12.2.LTS\lib\</path>
         <kind>archive</kind>
         <file>rtsv7M4_T_le_eabi.lib</file>
         <name>_io_perm.c.obj</name>
      </input_file>
      <input_file id="fl-d6">
         <path>C:\ti\ccs910\ccs\tools\compiler\ti-cgt-arm_18.12.2.LTS\lib\</path>
         <kind>archive</kind>
         <file>rtsv7M4_T_le_eabi.lib</file>
         <name>setvbuf.c.obj</name>
      </input_file>
      <input_file id="fl-d7">
         <path>C:\ti\ccs910\ccs\tools\compiler\ti-cgt-arm_18.12.2.LTS\lib\</path>
         <kind>archive</kind>
         <file>rtsv7M4_T_le_eabi.lib</file>
         <name>s_frexp.c.obj</name>
      </input_file>
      <input_file id="fl-d8">
         <path>C:\ti\ccs910\ccs\tools\compiler\ti-cgt-arm_18.12.2.LTS\lib\</path>
         <kind>archive</kind>
         <file>rtsv7M4_T_le_eabi.lib</file>
         <name>s_scalbn.c.obj</name>
      </input_file>
      <input_file id="fl-d9">
         <path>C:\ti\ccs910\ccs\tools\compiler\ti-cgt-arm_18.12.2.LTS\lib\</path>
         <kind>archive</kind>
         <file>rtsv7M4_T_le_eabi.lib</file>
         <name>ull_div_t2.asm.obj</name>
      </input_file>
      <input_file id="fl-da">
         <path>C:\ti\ccs910\ccs\tools\compiler\ti-cgt-arm_18.12.2.LTS\lib\</path>
         <kind>archive</kind>
         <file>rtsv7M4_T_le_eabi.lib</file>
         <name>memset_t2.asm.obj</name>
      </input_file>
      <input_file id="fl-db">
         <path>C:\ti\ccs910\ccs\tools\compiler\ti-cgt-arm_18.12.2.LTS\lib\</path>
         <kind>archive</kind>
         <file>rtsv7M4_T_le_eabi.lib</file>
         <name>fd_add_t2.asm.obj</name>
      </input_file>
      <input_file id="fl-dc">
         <path>C:\ti\ccs910\ccs\tools\compiler\ti-cgt-arm_18.12.2.LTS\lib\</path>
         <kind>archive</kind>
         <file>rtsv7M4_T_le_eabi.lib</file>
         <name>fd_cmp_t2.asm.obj</name>
      </input_file>
      <input_file id="fl-dd">
         <path>C:\ti\ccs910\ccs\tools\compiler\ti-cgt-arm_18.12.2.LTS\lib\</path>
         <kind>archive</kind>
         <file>rtsv7M4_T_le_eabi.lib</file>
         <name>fd_div_t2.asm.obj</name>
      </input_file>
      <input_file id="fl-de">
         <path>C:\ti\ccs910\ccs\tools\compiler\ti-cgt-arm_18.12.2.LTS\lib\</path>
         <kind>archive</kind>
         <file>rtsv7M4_T_le_eabi.lib</file>
         <name>fd_mul_t2.asm.obj</name>
      </input_file>
      <input_file id="fl-df">
         <path>C:\ti\ccs910\ccs\tools\compiler\ti-cgt-arm_18.12.2.LTS\lib\</path>
         <kind>archive</kind>
         <file>rtsv7M4_T_le_eabi.lib</file>
         <name>fd_toi_t2.asm.obj</name>
      </input_file>
      <input_file id="fl-e0">
         <path>C:\ti\ccs910\ccs\tools\compiler\ti-cgt-arm_18.12.2.LTS\lib\</path>
         <kind>archive</kind>
         <file>rtsv7M4_T_le_eabi.lib</file>
         <name>i_tofd_t2.asm.obj</name>
      </input_file>
      <input_file id="fl-e1">
         <path>C:\ti\ccs910\ccs\tools\compiler\ti-cgt-arm_18.12.2.LTS\lib\</path>
         <kind>archive</kind>
         <file>rtsv7M4_T_le_eabi.lib</file>
         <name>memcpy_t2.asm.obj</name>
      </input_file>
      <input_file id="fl-e2">
         <path>C:\ti\ccs910\ccs\tools\compiler\ti-cgt-arm_18.12.2.LTS\lib\</path>
         <kind>archive</kind>
         <file>rtsv7M4_T_le_eabi.lib</file>
         <name>u_tofd_t2.asm.obj</name>
      </input_file>
      <input_file id="fl-e3">
         <path>C:\ti\ccs910\ccs\tools\compiler\ti-cgt-arm_18.12.2.LTS\lib\</path>
         <kind>archive</kind>
         <file>rtsv7M4_T_le_eabi.lib</file>
         <name>copy_zero_init.c.obj</name>
      </input_file>
      <input_file id="fl-e4">
         <path>C:\ti\ccs910\ccs\tools\compiler\ti-cgt-arm_18.12.2.LTS\lib\</path>
         <kind>archive</kind>
         <file>rtsv7M4_T_le_eabi.lib</file>
         <name>copy_decompress_none.c.obj</name>
      </input_file>
      <input_file id="fl-e5">
         <path>C:\ti\ccs910\ccs\tools\compiler\ti-cgt-arm_18.12.2.LTS\lib\</path>
         <kind>archive</kind>
         <file>rtsv7M4_T_le_eabi.lib</file>
         <name>copy_decompress_lzss.c.obj</name>
      </input_file>
      <input_file id="fl-e6">
         <path>C:\ti\ccs910\ccs\tools\compiler\ti-cgt-arm_18.12.2.LTS\lib\</path>
         <kind>archive</kind>
         <file>rtsv7M4_T_le_eabi.lib</file>
         <name>exit.c.obj</name>
      </input_file>
      <input_file id="fl-e7">
         <path>C:\ti\ccs910\ccs\tools\compiler\ti-cgt-arm_18.12.2.LTS\lib\</path>
         <kind>archive</kind>
         <file>rtsv7M4_T_le_eabi.lib</file>
         <name>_lock.c.obj</name>
      </input_file>
      <input_file id="fl-e8">
         <path>C:\ti\ccs910\ccs\tools\compiler\ti-cgt-arm_18.12.2.LTS\lib\</path>
         <kind>archive</kind>
         <file>rtsv7M4_T_le_eabi.lib</file>
         <name>atoi.c.obj</name>
      </input_file>
      <input_file id="fl-e9">
         <path>C:\ti\ccs910\ccs\tools\compiler\ti-cgt-arm_18.12.2.LTS\lib\</path>
         <kind>archive</kind>
         <file>rtsv7M4_T_le_eabi.lib</file>
         <name>ctype.c.obj</name>
      </input_file>
      <input_file id="fl-ea">
         <path>C:\ti\ccs910\ccs\tools\compiler\ti-cgt-arm_18.12.2.LTS\lib\</path>
         <kind>archive</kind>
         <file>rtsv7M4_T_le_eabi.lib</file>
         <name>defs.c.obj</name>
      </input_file>
      <input_file id="fl-eb">
         <path>C:\ti\ccs910\ccs\tools\compiler\ti-cgt-arm_18.12.2.LTS\lib\</path>
         <kind>archive</kind>
         <file>rtsv7M4_T_le_eabi.lib</file>
         <name>ltoa.c.obj</name>
      </input_file>
      <input_file id="fl-ec">
         <path>C:\ti\ccs910\ccs\tools\compiler\ti-cgt-arm_18.12.2.LTS\lib\</path>
         <kind>archive</kind>
         <file>rtsv7M4_T_le_eabi.lib</file>
         <name>memccpy.c.obj</name>
      </input_file>
      <input_file id="fl-ed">
         <path>C:\ti\ccs910\ccs\tools\compiler\ti-cgt-arm_18.12.2.LTS\lib\</path>
         <kind>archive</kind>
         <file>rtsv7M4_T_le_eabi.lib</file>
         <name>memchr.c.obj</name>
      </input_file>
      <input_file id="fl-ee">
         <path>C:\ti\ccs910\ccs\tools\compiler\ti-cgt-arm_18.12.2.LTS\lib\</path>
         <kind>archive</kind>
         <file>rtsv7M4_T_le_eabi.lib</file>
         <name>memmov.c.obj</name>
      </input_file>
      <input_file id="fl-ef">
         <path>C:\ti\ccs910\ccs\tools\compiler\ti-cgt-arm_18.12.2.LTS\lib\</path>
         <kind>archive</kind>
         <file>rtsv7M4_T_le_eabi.lib</file>
         <name>memory.c.obj</name>
      </input_file>
      <input_file id="fl-f0">
         <path>C:\ti\ccs910\ccs\tools\compiler\ti-cgt-arm_18.12.2.LTS\lib\</path>
         <kind>archive</kind>
         <file>rtsv7M4_T_le_eabi.lib</file>
         <name>strcat.c.obj</name>
      </input_file>
      <input_file id="fl-f1">
         <path>C:\ti\ccs910\ccs\tools\compiler\ti-cgt-arm_18.12.2.LTS\lib\</path>
         <kind>archive</kind>
         <file>rtsv7M4_T_le_eabi.lib</file>
         <name>strchr.c.obj</name>
      </input_file>
      <input_file id="fl-f2">
         <path>C:\ti\ccs910\ccs\tools\compiler\ti-cgt-arm_18.12.2.LTS\lib\</path>
         <kind>archive</kind>
         <file>rtsv7M4_T_le_eabi.lib</file>
         <name>strlen.c.obj</name>
      </input_file>
      <input_file id="fl-f3">
         <path>C:\ti\ccs910\ccs\tools\compiler\ti-cgt-arm_18.12.2.LTS\lib\</path>
         <kind>archive</kind>
         <file>rtsv7M4_T_le_eabi.lib</file>
         <name>write.c.obj</name>
      </input_file>
      <input_file id="fl-f4">
         <path>C:\ti\ccs910\ccs\tools\compiler\ti-cgt-arm_18.12.2.LTS\lib\</path>
         <kind>archive</kind>
         <file>rtsv7M4_T_le_eabi.lib</file>
         <name>host_device.c.obj</name>
      </input_file>
      <input_file id="fl-f5">
         <path>C:\ti\ccs910\ccs\tools\compiler\ti-cgt-arm_18.12.2.LTS\lib\</path>
         <kind>archive</kind>
         <file>rtsv7M4_T_le_eabi.lib</file>
         <name>remove.c.obj</name>
      </input_file>
      <input_file id="fl-f6">
         <path>C:\ti\ccs910\ccs\tools\compiler\ti-cgt-arm_18.12.2.LTS\lib\</path>
         <kind>archive</kind>
         <file>rtsv7M4_T_le_eabi.lib</file>
         <name>open.c.obj</name>
      </input_file>
      <input_file id="fl-f7">
         <path>C:\ti\ccs910\ccs\tools\compiler\ti-cgt-arm_18.12.2.LTS\lib\</path>
         <kind>archive</kind>
         <file>rtsv7M4_T_le_eabi.lib</file>
         <name>close.c.obj</name>
      </input_file>
      <input_file id="fl-f8">
         <path>C:\ti\ccs910\ccs\tools\compiler\ti-cgt-arm_18.12.2.LTS\lib\</path>
         <kind>archive</kind>
         <file>rtsv7M4_T_le_eabi.lib</file>
         <name>boot_cortex_m.c.obj</name>
      </input_file>
      <input_file id="fl-f9">
         <path>C:\ti\ccs910\ccs\tools\compiler\ti-cgt-arm_18.12.2.LTS\lib\</path>
         <kind>archive</kind>
         <file>rtsv7M4_T_le_eabi.lib</file>
         <name>errno.c.obj</name>
      </input_file>
      <input_file id="fl-fa">
         <path>C:\ti\ccs910\ccs\tools\compiler\ti-cgt-arm_18.12.2.LTS\lib\</path>
         <kind>archive</kind>
         <file>rtsv7M4_T_le_eabi.lib</file>
         <name>wcslen.c.obj</name>
      </input_file>
      <input_file id="fl-fb">
         <path>C:\ti\ccs910\ccs\tools\compiler\ti-cgt-arm_18.12.2.LTS\lib\</path>
         <kind>archive</kind>
         <file>rtsv7M4_T_le_eabi.lib</file>
         <name>s_copysign.c.obj</name>
      </input_file>
      <input_file id="fl-fc">
         <path>C:\ti\ccs910\ccs\tools\compiler\ti-cgt-arm_18.12.2.LTS\lib\</path>
         <kind>archive</kind>
         <file>rtsv7M4_T_le_eabi.lib</file>
         <name>fseek.c.obj</name>
      </input_file>
      <input_file id="fl-fd">
         <path>C:\ti\ccs910\ccs\tools\compiler\ti-cgt-arm_18.12.2.LTS\lib\</path>
         <kind>archive</kind>
         <file>rtsv7M4_T_le_eabi.lib</file>
         <name>getdevice.c.obj</name>
      </input_file>
      <input_file id="fl-fe">
         <path>C:\ti\ccs910\ccs\tools\compiler\ti-cgt-arm_18.12.2.LTS\lib\</path>
         <kind>archive</kind>
         <file>rtsv7M4_T_le_eabi.lib</file>
         <name>div0.asm.obj</name>
      </input_file>
      <input_file id="fl-ff">
         <path>C:\ti\ccs910\ccs\tools\compiler\ti-cgt-arm_18.12.2.LTS\lib\</path>
         <kind>archive</kind>
         <file>rtsv7M4_T_le_eabi.lib</file>
         <name>autoinit.c.obj</name>
      </input_file>
      <input_file id="fl-100">
         <path>C:\ti\ccs910\ccs\tools\compiler\ti-cgt-arm_18.12.2.LTS\lib\</path>
         <kind>archive</kind>
         <file>rtsv7M4_T_le_eabi.lib</file>
         <name>pre_init.c.obj</name>
      </input_file>
      <input_file id="fl-101">
         <path>C:\ti\ccs910\ccs\tools\compiler\ti-cgt-arm_18.12.2.LTS\lib\</path>
         <kind>archive</kind>
         <file>rtsv7M4_T_le_eabi.lib</file>
         <name>cpy_tbl.c.obj</name>
      </input_file>
      <input_file id="fl-102">
         <path>C:\ti\ccs910\ccs\tools\compiler\ti-cgt-arm_18.12.2.LTS\lib\</path>
         <kind>archive</kind>
         <file>rtsv7M4_T_le_eabi.lib</file>
         <name>args_main.c.obj</name>
      </input_file>
      <input_file id="fl-103">
         <path>C:\ti\ccs910\ccs\tools\compiler\ti-cgt-arm_18.12.2.LTS\lib\</path>
         <kind>archive</kind>
         <file>rtsv7M4_T_le_eabi.lib</file>
         <name>strcmp.c.obj</name>
      </input_file>
      <input_file id="fl-104">
         <path>C:\ti\ccs910\ccs\tools\compiler\ti-cgt-arm_18.12.2.LTS\lib\</path>
         <kind>archive</kind>
         <file>rtsv7M4_T_le_eabi.lib</file>
         <name>strncpy.c.obj</name>
      </input_file>
      <input_file id="fl-105">
         <path>C:\ti\ccs910\ccs\tools\compiler\ti-cgt-arm_18.12.2.LTS\lib\</path>
         <kind>archive</kind>
         <file>rtsv7M4_T_le_eabi.lib</file>
         <name>unlink.c.obj</name>
      </input_file>
      <input_file id="fl-106">
         <path>C:\ti\ccs910\ccs\tools\compiler\ti-cgt-arm_18.12.2.LTS\lib\</path>
         <kind>archive</kind>
         <file>rtsv7M4_T_le_eabi.lib</file>
         <name>hostclose.c.obj</name>
      </input_file>
      <input_file id="fl-107">
         <path>C:\ti\ccs910\ccs\tools\compiler\ti-cgt-arm_18.12.2.LTS\lib\</path>
         <kind>archive</kind>
         <file>rtsv7M4_T_le_eabi.lib</file>
         <name>hostlseek.c.obj</name>
      </input_file>
      <input_file id="fl-108">
         <path>C:\ti\ccs910\ccs\tools\compiler\ti-cgt-arm_18.12.2.LTS\lib\</path>
         <kind>archive</kind>
         <file>rtsv7M4_T_le_eabi.lib</file>
         <name>hostopen.c.obj</name>
      </input_file>
      <input_file id="fl-109">
         <path>C:\ti\ccs910\ccs\tools\compiler\ti-cgt-arm_18.12.2.LTS\lib\</path>
         <kind>archive</kind>
         <file>rtsv7M4_T_le_eabi.lib</file>
         <name>hostread.c.obj</name>
      </input_file>
      <input_file id="fl-10a">
         <path>C:\ti\ccs910\ccs\tools\compiler\ti-cgt-arm_18.12.2.LTS\lib\</path>
         <kind>archive</kind>
         <file>rtsv7M4_T_le_eabi.lib</file>
         <name>hostrename.c.obj</name>
      </input_file>
      <input_file id="fl-10b">
         <path>C:\ti\ccs910\ccs\tools\compiler\ti-cgt-arm_18.12.2.LTS\lib\</path>
         <kind>archive</kind>
         <file>rtsv7M4_T_le_eabi.lib</file>
         <name>hostunlink.c.obj</name>
      </input_file>
      <input_file id="fl-10c">
         <path>C:\ti\ccs910\ccs\tools\compiler\ti-cgt-arm_18.12.2.LTS\lib\</path>
         <kind>archive</kind>
         <file>rtsv7M4_T_le_eabi.lib</file>
         <name>hostwrite.c.obj</name>
      </input_file>
      <input_file id="fl-10d">
         <path>C:\ti\ccs910\ccs\tools\compiler\ti-cgt-arm_18.12.2.LTS\lib\</path>
         <kind>archive</kind>
         <file>rtsv7M4_T_le_eabi.lib</file>
         <name>trgmsg.c.obj</name>
      </input_file>
      <input_file id="fl-10e">
         <path>C:\ti\ccs910\ccs\tools\compiler\ti-cgt-arm_18.12.2.LTS\lib\</path>
         <kind>archive</kind>
         <file>rtsv7M4_T_le_eabi.lib</file>
         <name>lseek.c.obj</name>
      </input_file>
      <input_file id="fl-10f">
         <path>C:\ti\ccs910\ccs\tools\compiler\ti-cgt-arm_18.12.2.LTS\lib\</path>
         <kind>archive</kind>
         <file>rtsv7M4_T_le_eabi.lib</file>
         <name>strcpy.c.obj</name>
      </input_file>
   </input_file_list>
   <object_component_list>
      <object_component id="oc-f">
         <name>.intvecs</name>
         <load_address>0x20004000</load_address>
         <run_address>0x20004000</run_address>
         <size>0x400</size>
         <input_file_ref idref="fl-5"/>
      </object_component>
      <object_component id="oc-94">
         <name>.text</name>
         <load_address>0x20004400</load_address>
         <run_address>0x20004400</run_address>
         <size>0xb9c</size>
         <input_file_ref idref="fl-2"/>
      </object_component>
      <object_component id="oc-24f">
         <name>.text:__TI_printfi</name>
         <load_address>0x20004f9c</load_address>
         <run_address>0x20004f9c</run_address>
         <size>0xa4e</size>
         <input_file_ref idref="fl-ce"/>
      </object_component>
      <object_component id="oc-32e">
         <name>.text:IntDefaultHandler</name>
         <load_address>0x200059ea</load_address>
         <run_address>0x200059ea</run_address>
         <size>0x2</size>
         <input_file_ref idref="fl-e"/>
      </object_component>
      <object_component id="oc-c2">
         <name>.text</name>
         <load_address>0x200059ec</load_address>
         <run_address>0x200059ec</run_address>
         <size>0x794</size>
         <input_file_ref idref="fl-4"/>
      </object_component>
      <object_component id="oc-c8">
         <name>.text</name>
         <load_address>0x20006180</load_address>
         <run_address>0x20006180</run_address>
         <size>0x280</size>
         <input_file_ref idref="fl-8"/>
      </object_component>
      <object_component id="oc-3a1">
         <name>.text:_pconv_a</name>
         <load_address>0x20006400</load_address>
         <run_address>0x20006400</run_address>
         <size>0x268</size>
         <input_file_ref idref="fl-ce"/>
      </object_component>
      <object_component id="oc-38f">
         <name>.text:_pconv_g</name>
         <load_address>0x20006668</load_address>
         <run_address>0x20006668</run_address>
         <size>0x1cc</size>
         <input_file_ref idref="fl-ce"/>
      </object_component>
      <object_component id="oc-fd">
         <name>.text</name>
         <load_address>0x20006834</load_address>
         <run_address>0x20006834</run_address>
         <size>0x1b6</size>
         <input_file_ref idref="fl-db"/>
      </object_component>
      <object_component id="oc-3c5">
         <name>.text:_nop</name>
         <load_address>0x200069ea</load_address>
         <run_address>0x200069ea</run_address>
         <size>0x2</size>
         <input_file_ref idref="fl-e7"/>
      </object_component>
      <object_component id="oc-14e">
         <name>.text</name>
         <load_address>0x200069ec</load_address>
         <run_address>0x200069ec</run_address>
         <size>0x198</size>
         <input_file_ref idref="fl-7"/>
      </object_component>
      <object_component id="oc-f2">
         <name>.text:PRCMCC3200MCUInit</name>
         <load_address>0x20006b84</load_address>
         <run_address>0x20006b84</run_address>
         <size>0x178</size>
         <input_file_ref idref="fl-10"/>
      </object_component>
      <object_component id="oc-39b">
         <name>.text:_pconv_e</name>
         <load_address>0x20006cfc</load_address>
         <run_address>0x20006cfc</run_address>
         <size>0x13c</size>
         <input_file_ref idref="fl-ce"/>
      </object_component>
      <object_component id="oc-159">
         <name>.text</name>
         <load_address>0x20006e38</load_address>
         <run_address>0x20006e38</run_address>
         <size>0x136</size>
         <input_file_ref idref="fl-dd"/>
      </object_component>
      <object_component id="oc-506">
         <name>.text</name>
         <load_address>0x20006f6e</load_address>
         <run_address>0x20006f6e</run_address>
         <size>0x2</size>
         <input_file_ref idref="fl-fe"/>
      </object_component>
      <object_component id="oc-482">
         <name>.text:fcvt</name>
         <load_address>0x20006f70</load_address>
         <run_address>0x20006f70</run_address>
         <size>0x120</size>
         <input_file_ref idref="fl-ce"/>
      </object_component>
      <object_component id="oc-3d3">
         <name>.text:fputs</name>
         <load_address>0x20007090</load_address>
         <run_address>0x20007090</run_address>
         <size>0x114</size>
         <input_file_ref idref="fl-d4"/>
      </object_component>
      <object_component id="oc-26b">
         <name>.text:_openfile</name>
         <load_address>0x200071a4</load_address>
         <run_address>0x200071a4</run_address>
         <size>0x10c</size>
         <input_file_ref idref="fl-d2"/>
      </object_component>
      <object_component id="oc-f8">
         <name>.text</name>
         <load_address>0x200072b0</load_address>
         <run_address>0x200072b0</run_address>
         <size>0xfc</size>
         <input_file_ref idref="fl-de"/>
      </object_component>
      <object_component id="oc-2f5">
         <name>.text:aligned_alloc</name>
         <load_address>0x200073ac</load_address>
         <run_address>0x200073ac</run_address>
         <size>0xf4</size>
         <input_file_ref idref="fl-ef"/>
      </object_component>
      <object_component id="oc-20a">
         <name>.text:free</name>
         <load_address>0x200074a0</load_address>
         <run_address>0x200074a0</run_address>
         <size>0xe8</size>
         <input_file_ref idref="fl-ef"/>
      </object_component>
      <object_component id="oc-53b">
         <name>.text:setvbuf</name>
         <load_address>0x20007588</load_address>
         <run_address>0x20007588</run_address>
         <size>0xdc</size>
         <input_file_ref idref="fl-d6"/>
      </object_component>
      <object_component id="oc-204">
         <name>.text:realloc</name>
         <load_address>0x20007664</load_address>
         <run_address>0x20007664</run_address>
         <size>0xd8</size>
         <input_file_ref idref="fl-ef"/>
      </object_component>
      <object_component id="oc-13c">
         <name>.text</name>
         <load_address>0x2000773c</load_address>
         <run_address>0x2000773c</run_address>
         <size>0xd4</size>
         <input_file_ref idref="fl-3"/>
      </object_component>
      <object_component id="oc-496">
         <name>.text:scalbn</name>
         <load_address>0x20007810</load_address>
         <run_address>0x20007810</run_address>
         <size>0xd0</size>
         <input_file_ref idref="fl-d8"/>
      </object_component>
      <object_component id="oc-3ea">
         <name>.text:open</name>
         <load_address>0x200078e0</load_address>
         <run_address>0x200078e0</run_address>
         <size>0xbc</size>
         <input_file_ref idref="fl-f6"/>
      </object_component>
      <object_component id="oc-389">
         <name>.text:_ltostr</name>
         <load_address>0x2000799c</load_address>
         <run_address>0x2000799c</run_address>
         <size>0xb1</size>
         <input_file_ref idref="fl-ce"/>
      </object_component>
      <object_component id="oc-1cd">
         <name>.text:IntDisable</name>
         <load_address>0x20007a50</load_address>
         <run_address>0x20007a50</run_address>
         <size>0xa8</size>
         <input_file_ref idref="fl-e"/>
      </object_component>
      <object_component id="oc-ec">
         <name>.text:IntEnable</name>
         <load_address>0x20007af8</load_address>
         <run_address>0x20007af8</run_address>
         <size>0xa8</size>
         <input_file_ref idref="fl-e"/>
      </object_component>
      <object_component id="oc-11a">
         <name>.text:fopen</name>
         <load_address>0x20007ba0</load_address>
         <run_address>0x20007ba0</run_address>
         <size>0x9c</size>
         <input_file_ref idref="fl-d2"/>
      </object_component>
      <object_component id="oc-3a">
         <name>.text</name>
         <load_address>0x20007c3c</load_address>
         <run_address>0x20007c3c</run_address>
         <size>0x9c</size>
         <input_file_ref idref="fl-e1"/>
      </object_component>
      <object_component id="oc-469">
         <name>.text</name>
         <load_address>0x20007cd8</load_address>
         <run_address>0x20007cd8</run_address>
         <size>0x96</size>
         <input_file_ref idref="fl-d9"/>
      </object_component>
      <object_component id="oc-da">
         <name>.text:PRCMPeripheralClockGet</name>
         <load_address>0x20007d70</load_address>
         <run_address>0x20007d70</run_address>
         <size>0x94</size>
         <input_file_ref idref="fl-10"/>
      </object_component>
      <object_component id="oc-3da">
         <name>.text:fputc</name>
         <load_address>0x20007e04</load_address>
         <run_address>0x20007e04</run_address>
         <size>0x8c</size>
         <input_file_ref idref="fl-d3"/>
      </object_component>
      <object_component id="oc-419">
         <name>.text:PinConfigSet</name>
         <load_address>0x20007e90</load_address>
         <run_address>0x20007e90</run_address>
         <size>0x88</size>
         <input_file_ref idref="fl-f"/>
      </object_component>
      <object_component id="oc-137">
         <name>.text:__aeabi_cdcmple</name>
         <load_address>0x20007f18</load_address>
         <run_address>0x20007f18</run_address>
         <size>0x86</size>
         <input_file_ref idref="fl-dc"/>
      </object_component>
      <object_component id="oc-12f">
         <name>.text:__aeabi_cdrcmple</name>
         <load_address>0x20007f9e</load_address>
         <run_address>0x20007f9e</run_address>
         <size>0x86</size>
         <input_file_ref idref="fl-dc"/>
      </object_component>
      <object_component id="oc-367">
         <name>.text:split</name>
         <load_address>0x20008024</load_address>
         <run_address>0x20008024</run_address>
         <size>0x7c</size>
         <input_file_ref idref="fl-ef"/>
      </object_component>
      <object_component id="oc-88">
         <name>.text</name>
         <load_address>0x200080a0</load_address>
         <run_address>0x200080a0</run_address>
         <size>0x7a</size>
         <input_file_ref idref="fl-da"/>
      </object_component>
      <object_component id="oc-1e0">
         <name>.text:UARTConfigSetExpClk</name>
         <load_address>0x2000811a</load_address>
         <run_address>0x2000811a</run_address>
         <size>0x76</size>
         <input_file_ref idref="fl-13"/>
      </object_component>
      <object_component id="oc-285">
         <name>.text:__TI_closefile</name>
         <load_address>0x20008190</load_address>
         <run_address>0x20008190</run_address>
         <size>0x74</size>
         <input_file_ref idref="fl-d0"/>
      </object_component>
      <object_component id="oc-2cd">
         <name>.text:TimerIntRegister</name>
         <load_address>0x20008204</load_address>
         <run_address>0x20008204</run_address>
         <size>0x70</size>
         <input_file_ref idref="fl-12"/>
      </object_component>
      <object_component id="oc-47b">
         <name>.text:_mcpy</name>
         <load_address>0x20008274</load_address>
         <run_address>0x20008274</run_address>
         <size>0x6e</size>
         <input_file_ref idref="fl-ce"/>
      </object_component>
      <object_component id="oc-5bf">
         <name>.text:HOSTlseek</name>
         <load_address>0x200082e4</load_address>
         <run_address>0x200082e4</run_address>
         <size>0x68</size>
         <input_file_ref idref="fl-107"/>
      </object_component>
      <object_component id="oc-5cb">
         <name>.text:HOSTrename</name>
         <load_address>0x2000834c</load_address>
         <run_address>0x2000834c</run_address>
         <size>0x68</size>
         <input_file_ref idref="fl-10a"/>
      </object_component>
      <object_component id="oc-2e5">
         <name>.text:TimerIntUnregister</name>
         <load_address>0x200083b4</load_address>
         <run_address>0x200083b4</run_address>
         <size>0x68</size>
         <input_file_ref idref="fl-12"/>
      </object_component>
      <object_component id="oc-12">
         <name>.text:decompress:lzss:__TI_decompress_lzss</name>
         <load_address>0x2000841c</load_address>
         <run_address>0x2000841c</run_address>
         <size>0x68</size>
         <input_file_ref idref="fl-e5"/>
      </object_component>
      <object_component id="oc-10e">
         <name>.text:printf</name>
         <load_address>0x20008484</load_address>
         <run_address>0x20008484</run_address>
         <size>0x68</size>
         <input_file_ref idref="fl-cc"/>
      </object_component>
      <object_component id="oc-120">
         <name>.text:fprintf</name>
         <load_address>0x200084ec</load_address>
         <run_address>0x200084ec</run_address>
         <size>0x64</size>
         <input_file_ref idref="fl-cd"/>
      </object_component>
      <object_component id="oc-535">
         <name>.text:fseek</name>
         <load_address>0x20008550</load_address>
         <run_address>0x20008550</run_address>
         <size>0x64</size>
         <input_file_ref idref="fl-fc"/>
      </object_component>
      <object_component id="oc-4c2">
         <name>.text:__TI_wrt_ok</name>
         <load_address>0x200085b4</load_address>
         <run_address>0x200085b4</run_address>
         <size>0x62</size>
         <input_file_ref idref="fl-d5"/>
      </object_component>
      <object_component id="oc-5a7">
         <name>.text:HOSTopen</name>
         <load_address>0x20008618</load_address>
         <run_address>0x20008618</run_address>
         <size>0x60</size>
         <input_file_ref idref="fl-108"/>
      </object_component>
      <object_component id="oc-405">
         <name>.text:close</name>
         <load_address>0x20008678</load_address>
         <run_address>0x20008678</run_address>
         <size>0x5c</size>
         <input_file_ref idref="fl-f7"/>
      </object_component>
      <object_component id="oc-490">
         <name>.text:frexp</name>
         <load_address>0x200086d4</load_address>
         <run_address>0x200086d4</run_address>
         <size>0x5c</size>
         <input_file_ref idref="fl-d7"/>
      </object_component>
      <object_component id="oc-5b3">
         <name>.text:HOSTread</name>
         <load_address>0x20008730</load_address>
         <run_address>0x20008730</run_address>
         <size>0x58</size>
         <input_file_ref idref="fl-109"/>
      </object_component>
      <object_component id="oc-5b9">
         <name>.text:HOSTwrite</name>
         <load_address>0x20008788</load_address>
         <run_address>0x20008788</run_address>
         <size>0x58</size>
         <input_file_ref idref="fl-10c"/>
      </object_component>
      <object_component id="oc-148">
         <name>.text:PRCMPeripheralReset</name>
         <load_address>0x200087e0</load_address>
         <run_address>0x200087e0</run_address>
         <size>0x58</size>
         <input_file_ref idref="fl-10"/>
      </object_component>
      <object_component id="oc-395">
         <name>.text:_pconv_f</name>
         <load_address>0x20008838</load_address>
         <run_address>0x20008838</run_address>
         <size>0x56</size>
         <input_file_ref idref="fl-ce"/>
      </object_component>
      <object_component id="oc-2c7">
         <name>.text:IntPrioritySet</name>
         <load_address>0x20008890</load_address>
         <run_address>0x20008890</run_address>
         <size>0x54</size>
         <input_file_ref idref="fl-e"/>
      </object_component>
      <object_component id="oc-46f">
         <name>.text:ltoa</name>
         <load_address>0x200088e4</load_address>
         <run_address>0x200088e4</run_address>
         <size>0x54</size>
         <input_file_ref idref="fl-eb"/>
      </object_component>
      <object_component id="oc-475">
         <name>.text:_ecpy</name>
         <load_address>0x20008938</load_address>
         <run_address>0x20008938</run_address>
         <size>0x52</size>
         <input_file_ref idref="fl-ce"/>
      </object_component>
      <object_component id="oc-3ff">
         <name>.text:__TI_doflush</name>
         <load_address>0x2000898a</load_address>
         <run_address>0x2000898a</run_address>
         <size>0x4c</size>
         <input_file_ref idref="fl-d1"/>
      </object_component>
      <object_component id="oc-383">
         <name>.text:atoi</name>
         <load_address>0x200089d8</load_address>
         <run_address>0x200089d8</run_address>
         <size>0x4c</size>
         <input_file_ref idref="fl-e8"/>
      </object_component>
      <object_component id="oc-189">
         <name>.text:exit</name>
         <load_address>0x20008a24</load_address>
         <run_address>0x20008a24</run_address>
         <size>0x48</size>
         <input_file_ref idref="fl-e6"/>
      </object_component>
      <object_component id="oc-16c">
         <name>.text</name>
         <load_address>0x20008a6c</load_address>
         <run_address>0x20008a6c</run_address>
         <size>0x48</size>
         <input_file_ref idref="fl-df"/>
      </object_component>
      <object_component id="oc-5ad">
         <name>.text:HOSTclose</name>
         <load_address>0x20008ab4</load_address>
         <run_address>0x20008ab4</run_address>
         <size>0x44</size>
         <input_file_ref idref="fl-106"/>
      </object_component>
      <object_component id="oc-5c5">
         <name>.text:HOSTunlink</name>
         <load_address>0x20008af8</load_address>
         <run_address>0x20008af8</run_address>
         <size>0x44</size>
         <input_file_ref idref="fl-10b"/>
      </object_component>
      <object_component id="oc-2bb">
         <name>.text:TimerConfigure</name>
         <load_address>0x20008b3c</load_address>
         <run_address>0x20008b3c</run_address>
         <size>0x44</size>
         <input_file_ref idref="fl-12"/>
      </object_component>
      <object_component id="oc-18f">
         <name>.text:__TI_auto_init_nobinit_nopinit:__TI_auto_init_nobinit_nopinit</name>
         <load_address>0x20008b80</load_address>
         <run_address>0x20008b80</run_address>
         <size>0x44</size>
         <input_file_ref idref="fl-ff"/>
      </object_component>
      <object_component id="oc-4d8">
         <name>.text:getdevice</name>
         <load_address>0x20008bc4</load_address>
         <run_address>0x20008bc4</run_address>
         <size>0x44</size>
         <input_file_ref idref="fl-fd"/>
      </object_component>
      <object_component id="oc-2a2">
         <name>.text:PinModeSet</name>
         <load_address>0x20008c08</load_address>
         <run_address>0x20008c08</run_address>
         <size>0x40</size>
         <input_file_ref idref="fl-f"/>
      </object_component>
      <object_component id="oc-1ec">
         <name>.text:vsnprintf</name>
         <load_address>0x20008c48</load_address>
         <run_address>0x20008c48</run_address>
         <size>0x40</size>
         <input_file_ref idref="fl-cf"/>
      </object_component>
      <object_component id="oc-488">
         <name>.text:_fcpy</name>
         <load_address>0x20008c88</load_address>
         <run_address>0x20008c88</run_address>
         <size>0x3e</size>
         <input_file_ref idref="fl-ce"/>
      </object_component>
      <object_component id="oc-142">
         <name>.text:PRCMPeripheralClkEnable</name>
         <load_address>0x20008cc8</load_address>
         <run_address>0x20008cc8</run_address>
         <size>0x3c</size>
         <input_file_ref idref="fl-10"/>
      </object_component>
      <object_component id="oc-5e1">
         <name>.text:__TI_writemsg</name>
         <load_address>0x20008d04</load_address>
         <run_address>0x20008d04</run_address>
         <size>0x38</size>
         <input_file_ref idref="fl-10d"/>
      </object_component>
      <object_component id="oc-54b">
         <name>.text:strncpy</name>
         <load_address>0x20008d3c</load_address>
         <run_address>0x20008d3c</run_address>
         <size>0x36</size>
         <input_file_ref idref="fl-104"/>
      </object_component>
      <object_component id="oc-3f0">
         <name>.text:__TI_cleanup</name>
         <load_address>0x20008d74</load_address>
         <run_address>0x20008d74</run_address>
         <size>0x34</size>
         <input_file_ref idref="fl-d2"/>
      </object_component>
      <object_component id="oc-5e7">
         <name>.text:__TI_readmsg</name>
         <load_address>0x20008da8</load_address>
         <run_address>0x20008da8</run_address>
         <size>0x34</size>
         <input_file_ref idref="fl-10d"/>
      </object_component>
      <object_component id="oc-337">
         <name>.text:UARTDisable</name>
         <load_address>0x20008ddc</load_address>
         <run_address>0x20008ddc</run_address>
         <size>0x30</size>
         <input_file_ref idref="fl-13"/>
      </object_component>
      <object_component id="oc-345">
         <name>.text:_outs</name>
         <load_address>0x20008e0c</load_address>
         <run_address>0x20008e0c</run_address>
         <size>0x30</size>
         <input_file_ref idref="fl-cf"/>
      </object_component>
      <object_component id="oc-551">
         <name>.text:finddevice</name>
         <load_address>0x20008e3c</load_address>
         <run_address>0x20008e3c</run_address>
         <size>0x30</size>
         <input_file_ref idref="fl-fd"/>
      </object_component>
      <object_component id="oc-167">
         <name>.text</name>
         <load_address>0x20008e6c</load_address>
         <run_address>0x20008e6c</run_address>
         <size>0x2e</size>
         <input_file_ref idref="fl-e0"/>
      </object_component>
      <object_component id="oc-22e">
         <name>.text:PRCMSysResetCauseGet</name>
         <load_address>0x20008e9c</load_address>
         <run_address>0x20008e9c</run_address>
         <size>0x2c</size>
         <input_file_ref idref="fl-10"/>
      </object_component>
      <object_component id="oc-126">
         <name>.text:fclose</name>
         <load_address>0x20008ec8</load_address>
         <run_address>0x20008ec8</run_address>
         <size>0x2c</size>
         <input_file_ref idref="fl-d0"/>
      </object_component>
      <object_component id="oc-40b">
         <name>.text:unlink</name>
         <load_address>0x20008ef4</load_address>
         <run_address>0x20008ef4</run_address>
         <size>0x2c</size>
         <input_file_ref idref="fl-105"/>
      </object_component>
      <object_component id="oc-2d9">
         <name>.text:TimerLoadSet</name>
         <load_address>0x20008f20</load_address>
         <run_address>0x20008f20</run_address>
         <size>0x2a</size>
         <input_file_ref idref="fl-12"/>
      </object_component>
      <object_component id="oc-2c1">
         <name>.text:TimerPrescaleSet</name>
         <load_address>0x20008f4a</load_address>
         <run_address>0x20008f4a</run_address>
         <size>0x2a</size>
         <input_file_ref idref="fl-12"/>
      </object_component>
      <object_component id="oc-240">
         <name>.text:PRCMPeripheralClkDisable</name>
         <load_address>0x20008f74</load_address>
         <run_address>0x20008f74</run_address>
         <size>0x28</size>
         <input_file_ref idref="fl-10"/>
      </object_component>
      <object_component id="oc-36e">
         <name>.text:free_list_insert</name>
         <load_address>0x20008f9c</load_address>
         <run_address>0x20008f9c</run_address>
         <size>0x28</size>
         <input_file_ref idref="fl-ef"/>
      </object_component>
      <object_component id="oc-589">
         <name>.text:lseek</name>
         <load_address>0x20008fc4</load_address>
         <run_address>0x20008fc4</run_address>
         <size>0x28</size>
         <input_file_ref idref="fl-10e"/>
      </object_component>
      <object_component id="oc-4ce">
         <name>.text:write</name>
         <load_address>0x20008fec</load_address>
         <run_address>0x20008fec</run_address>
         <size>0x28</size>
         <input_file_ref idref="fl-f3"/>
      </object_component>
      <object_component id="oc-1d3">
         <name>.text:IntUnregister</name>
         <load_address>0x20009014</load_address>
         <run_address>0x20009014</run_address>
         <size>0x24</size>
         <input_file_ref idref="fl-e"/>
      </object_component>
      <object_component id="oc-33d">
         <name>.text:UARTEnable</name>
         <load_address>0x20009038</load_address>
         <run_address>0x20009038</run_address>
         <size>0x24</size>
         <input_file_ref idref="fl-13"/>
      </object_component>
      <object_component id="oc-58">
         <name>.text:_c_int00_noargs:_c_int00_noargs</name>
         <load_address>0x2000905c</load_address>
         <run_address>0x2000905c</run_address>
         <size>0x24</size>
         <input_file_ref idref="fl-f8"/>
      </object_component>
      <object_component id="oc-102">
         <name>.text:memmove</name>
         <load_address>0x20009080</load_address>
         <run_address>0x20009080</run_address>
         <size>0x24</size>
         <input_file_ref idref="fl-ee"/>
      </object_component>
      <object_component id="oc-1c4">
         <name>.text:IntRegister</name>
         <load_address>0x200090a4</load_address>
         <run_address>0x200090a4</run_address>
         <size>0x20</size>
         <input_file_ref idref="fl-e"/>
      </object_component>
      <object_component id="oc-4c8">
         <name>.text:memchr</name>
         <load_address>0x200090c4</load_address>
         <run_address>0x200090c4</run_address>
         <size>0x20</size>
         <input_file_ref idref="fl-ed"/>
      </object_component>
      <object_component id="oc-154">
         <name>.text</name>
         <load_address>0x200090e4</load_address>
         <run_address>0x200090e4</run_address>
         <size>0x20</size>
         <input_file_ref idref="fl-e2"/>
      </object_component>
      <object_component id="oc-171">
         <name>.text:TimerDisable</name>
         <load_address>0x20009104</load_address>
         <run_address>0x20009104</run_address>
         <size>0x1e</size>
         <input_file_ref idref="fl-12"/>
      </object_component>
      <object_component id="oc-2df">
         <name>.text:TimerEnable</name>
         <load_address>0x20009122</load_address>
         <run_address>0x20009122</run_address>
         <size>0x1e</size>
         <input_file_ref idref="fl-12"/>
      </object_component>
      <object_component id="oc-ce">
         <name>.text:TimerIntStatus</name>
         <load_address>0x20009140</load_address>
         <run_address>0x20009140</run_address>
         <size>0x1e</size>
         <input_file_ref idref="fl-12"/>
      </object_component>
      <object_component id="oc-1e6">
         <name>.text:UARTCharPut</name>
         <load_address>0x2000915e</load_address>
         <run_address>0x2000915e</run_address>
         <size>0x1e</size>
         <input_file_ref idref="fl-13"/>
      </object_component>
      <object_component id="oc-114">
         <name>.text:strcat</name>
         <load_address>0x2000917c</load_address>
         <run_address>0x2000917c</run_address>
         <size>0x1e</size>
         <input_file_ref idref="fl-f0"/>
      </object_component>
      <object_component id="oc-2eb">
         <name>.text:TimerValueGet</name>
         <load_address>0x2000919a</load_address>
         <run_address>0x2000919a</run_address>
         <size>0x1c</size>
         <input_file_ref idref="fl-12"/>
      </object_component>
      <object_component id="oc-1f8">
         <name>.text:UARTCharGetNonBlocking</name>
         <load_address>0x200091b6</load_address>
         <run_address>0x200091b6</run_address>
         <size>0x1c</size>
         <input_file_ref idref="fl-13"/>
      </object_component>
      <object_component id="oc-361">
         <name>.text:free_list_remove</name>
         <load_address>0x200091d4</load_address>
         <run_address>0x200091d4</run_address>
         <size>0x1c</size>
         <input_file_ref idref="fl-ef"/>
      </object_component>
      <object_component id="oc-3a7">
         <name>.text:memccpy</name>
         <load_address>0x200091f0</load_address>
         <run_address>0x200091f0</run_address>
         <size>0x1c</size>
         <input_file_ref idref="fl-ec"/>
      </object_component>
      <object_component id="oc-2a8">
         <name>.text:PinTypeSPI</name>
         <load_address>0x2000920c</load_address>
         <run_address>0x2000920c</run_address>
         <size>0x1a</size>
         <input_file_ref idref="fl-f"/>
      </object_component>
      <object_component id="oc-2ae">
         <name>.text:PinTypeUART</name>
         <load_address>0x20009226</load_address>
         <run_address>0x20009226</run_address>
         <size>0x1a</size>
         <input_file_ref idref="fl-f"/>
      </object_component>
      <object_component id="oc-177">
         <name>.text:TimerIntDisable</name>
         <load_address>0x20009240</load_address>
         <run_address>0x20009240</run_address>
         <size>0x18</size>
         <input_file_ref idref="fl-12"/>
      </object_component>
      <object_component id="oc-2d3">
         <name>.text:TimerIntEnable</name>
         <load_address>0x20009258</load_address>
         <run_address>0x20009258</run_address>
         <size>0x18</size>
         <input_file_ref idref="fl-12"/>
      </object_component>
      <object_component id="oc-1f2">
         <name>.text:UARTCharsAvail</name>
         <load_address>0x20009270</load_address>
         <run_address>0x20009270</run_address>
         <size>0x18</size>
         <input_file_ref idref="fl-13"/>
      </object_component>
      <object_component id="oc-34b">
         <name>.text:_outc</name>
         <load_address>0x20009288</load_address>
         <run_address>0x20009288</run_address>
         <size>0x18</size>
         <input_file_ref idref="fl-cf"/>
      </object_component>
      <object_component id="oc-5a0">
         <name>.text:strcmp</name>
         <load_address>0x200092a0</load_address>
         <run_address>0x200092a0</run_address>
         <size>0x18</size>
         <input_file_ref idref="fl-103"/>
      </object_component>
      <object_component id="oc-234">
         <name>.text:PRCMHIBRegRead</name>
         <load_address>0x200092b8</load_address>
         <run_address>0x200092b8</run_address>
         <size>0x16</size>
         <input_file_ref idref="fl-10"/>
      </object_component>
      <object_component id="oc-23a">
         <name>.text:PRCMHIBRegWrite</name>
         <load_address>0x200092ce</load_address>
         <run_address>0x200092ce</run_address>
         <size>0x16</size>
         <input_file_ref idref="fl-10"/>
      </object_component>
      <object_component id="oc-49c">
         <name>.text:strchr</name>
         <load_address>0x200092e4</load_address>
         <run_address>0x200092e4</run_address>
         <size>0x16</size>
         <input_file_ref idref="fl-f1"/>
      </object_component>
      <object_component id="oc-223">
         <name>.text:CPUcpsie</name>
         <load_address>0x200092fa</load_address>
         <run_address>0x200092fa</run_address>
         <size>0x14</size>
         <input_file_ref idref="fl-15"/>
      </object_component>
      <object_component id="oc-e0">
         <name>.text:IntVTableBaseSet</name>
         <load_address>0x20009310</load_address>
         <run_address>0x20009310</run_address>
         <size>0x14</size>
         <input_file_ref idref="fl-e"/>
      </object_component>
      <object_component id="oc-5fb">
         <name>.text:strcpy</name>
         <load_address>0x20009324</load_address>
         <run_address>0x20009324</run_address>
         <size>0x14</size>
         <input_file_ref idref="fl-10f"/>
      </object_component>
      <object_component id="oc-1fe">
         <name>.text:strlen</name>
         <load_address>0x20009338</load_address>
         <run_address>0x20009338</run_address>
         <size>0x14</size>
         <input_file_ref idref="fl-f2"/>
      </object_component>
      <object_component id="oc-d4">
         <name>.text:TimerIntClear</name>
         <load_address>0x2000934c</load_address>
         <run_address>0x2000934c</run_address>
         <size>0x12</size>
         <input_file_ref idref="fl-12"/>
      </object_component>
      <object_component id="oc-3ad">
         <name>.text:wcslen</name>
         <load_address>0x2000935e</load_address>
         <run_address>0x2000935e</run_address>
         <size>0x12</size>
         <input_file_ref idref="fl-fa"/>
      </object_component>
      <object_component id="oc-18">
         <name>.text:decompress:none:__TI_decompress_none</name>
         <load_address>0x20009370</load_address>
         <run_address>0x20009370</run_address>
         <size>0xe</size>
         <input_file_ref idref="fl-e4"/>
      </object_component>
      <object_component id="oc-26">
         <name>.text</name>
         <load_address>0x2000937e</load_address>
         <run_address>0x2000937e</run_address>
         <size>0xe</size>
         <input_file_ref idref="fl-5"/>
      </object_component>
      <object_component id="oc-519">
         <name>.text:copysign</name>
         <load_address>0x2000938c</load_address>
         <run_address>0x2000938c</run_address>
         <size>0xc</size>
         <input_file_ref idref="fl-fb"/>
      </object_component>
      <object_component id="oc-4c">
         <name>.text:decompress:ZI:__TI_zero_init</name>
         <load_address>0x20009398</load_address>
         <run_address>0x20009398</run_address>
         <size>0xc</size>
         <input_file_ref idref="fl-e3"/>
      </object_component>
      <object_component id="oc-e6">
         <name>.text:IntMasterEnable</name>
         <load_address>0x200093a4</load_address>
         <run_address>0x200093a4</run_address>
         <size>0xa</size>
         <input_file_ref idref="fl-e"/>
      </object_component>
      <object_component id="oc-3b3">
         <name>.text:__aeabi_errno_addr</name>
         <load_address>0x200093b0</load_address>
         <run_address>0x200093b0</run_address>
         <size>0x8</size>
         <input_file_ref idref="fl-f9"/>
      </object_component>
      <object_component id="oc-15e">
         <name>.text:malloc</name>
         <load_address>0x200093b8</load_address>
         <run_address>0x200093b8</run_address>
         <size>0x8</size>
         <input_file_ref idref="fl-ef"/>
      </object_component>
      <object_component id="oc-37d">
         <name>.text:UtilsDelay</name>
         <load_address>0x200093c0</load_address>
         <run_address>0x200093c0</run_address>
         <size>0x6</size>
         <input_file_ref idref="fl-14"/>
      </object_component>
      <object_component id="oc-27d">
         <name>.text:_outc</name>
         <load_address>0x200093c6</load_address>
         <run_address>0x200093c6</run_address>
         <size>0x4</size>
         <input_file_ref idref="fl-cd"/>
      </object_component>
      <object_component id="oc-261">
         <name>.text:_outc</name>
         <load_address>0x200093ca</load_address>
         <run_address>0x200093ca</run_address>
         <size>0x4</size>
         <input_file_ref idref="fl-cc"/>
      </object_component>
      <object_component id="oc-277">
         <name>.text:_outs</name>
         <load_address>0x200093ce</load_address>
         <run_address>0x200093ce</run_address>
         <size>0x4</size>
         <input_file_ref idref="fl-cd"/>
      </object_component>
      <object_component id="oc-25b">
         <name>.text:_outs</name>
         <load_address>0x200093d2</load_address>
         <run_address>0x200093d2</run_address>
         <size>0x4</size>
         <input_file_ref idref="fl-cc"/>
      </object_component>
      <object_component id="oc-8e">
         <name>.text:_system_pre_init</name>
         <load_address>0x200093d6</load_address>
         <run_address>0x200093d6</run_address>
         <size>0x4</size>
         <input_file_ref idref="fl-100"/>
      </object_component>
      <object_component id="oc-183">
         <name>.text:abort:abort</name>
         <load_address>0x200093da</load_address>
         <run_address>0x200093da</run_address>
         <size>0x4</size>
         <input_file_ref idref="fl-e6"/>
      </object_component>
      <object_component id="oc-464">
         <name>.const:.string:_ctypes_</name>
         <load_address>0x200093e0</load_address>
         <run_address>0x200093e0</run_address>
         <size>0x101</size>
         <input_file_ref idref="fl-e9"/>
      </object_component>
      <object_component id="oc-415">
         <name>.const:g_ulPinToPadMap</name>
         <load_address>0x200094e4</load_address>
         <run_address>0x200094e4</run_address>
         <size>0x100</size>
         <input_file_ref idref="fl-f"/>
      </object_component>
      <object_component id="oc-42c">
         <name>.const:g_pulRegs</name>
         <load_address>0x200095e4</load_address>
         <run_address>0x200095e4</run_address>
         <size>0xd4</size>
         <input_file_ref idref="fl-e"/>
      </object_component>
      <object_component id="oc-2b5">
         <name>.const:PRCM_PeriphRegsList</name>
         <load_address>0x200096b8</load_address>
         <run_address>0x200096b8</run_address>
         <size>0xa8</size>
         <input_file_ref idref="fl-10"/>
      </object_component>
      <object_component id="oc-1c1">
         <name>.const:g_ppulSPIIntMap</name>
         <load_address>0x20009760</load_address>
         <run_address>0x20009760</run_address>
         <size>0x24</size>
         <input_file_ref idref="fl-4"/>
      </object_component>
      <object_component id="oc-32a">
         <name>.const:g_pulDisRegs</name>
         <load_address>0x20009784</load_address>
         <run_address>0x20009784</run_address>
         <size>0x18</size>
         <input_file_ref idref="fl-e"/>
      </object_component>
      <object_component id="oc-22a">
         <name>.const:g_pulEnRegs</name>
         <load_address>0x2000979c</load_address>
         <run_address>0x2000979c</run_address>
         <size>0x18</size>
         <input_file_ref idref="fl-e"/>
      </object_component>
      <object_component id="oc-1ca">
         <name>.const:g_ulSPIDmaMaskMap</name>
         <load_address>0x200097b4</load_address>
         <run_address>0x200097b4</run_address>
         <size>0x18</size>
         <input_file_ref idref="fl-4"/>
      </object_component>
      <object_component id="oc-64c">
         <name>.cinit..data.load</name>
         <load_address>0x200097d0</load_address>
         <run_address>0x200097d0</run_address>
         <size>0x8d</size>
      </object_component>
      <object_component id="oc-64a">
         <name>__TI_handler_table</name>
         <load_address>0x20009860</load_address>
         <run_address>0x20009860</run_address>
         <size>0xc</size>
      </object_component>
      <object_component id="oc-64d">
         <name>.cinit..bss.load</name>
         <load_address>0x20009870</load_address>
         <run_address>0x20009870</run_address>
         <size>0x8</size>
      </object_component>
      <object_component id="oc-64b">
         <name>__TI_cinit_table</name>
         <load_address>0x20009878</load_address>
         <run_address>0x20009878</run_address>
         <size>0x10</size>
      </object_component>
      <object_component id="oc-164">
         <name>.data:coeffs</name>
         <load_address>0x2001bba0</load_address>
         <run_address>0x2001bba0</run_address>
         <size>0x28</size>
         <input_file_ref idref="fl-2"/>
      </object_component>
      <object_component id="oc-271">
         <name>.data</name>
         <load_address>0x2001bbf8</load_address>
         <run_address>0x2001bbf8</run_address>
         <size>0x4</size>
         <input_file_ref idref="fl-d2"/>
      </object_component>
      <object_component id="oc-308">
         <name>.data:$O1$$</name>
         <load_address>0x2001bbd8</load_address>
         <run_address>0x2001bbd8</run_address>
         <size>0xc</size>
         <input_file_ref idref="fl-e6"/>
      </object_component>
      <object_component id="oc-255">
         <name>.data:$O1$$</name>
         <load_address>0x2001bbe4</load_address>
         <run_address>0x2001bbe4</run_address>
         <size>0x8</size>
         <input_file_ref idref="fl-e7"/>
      </object_component>
      <object_component id="oc-258">
         <name>.data:_ftable</name>
         <load_address>0x2001b9e8</load_address>
         <run_address>0x2001b9e8</run_address>
         <size>0xf0</size>
         <input_file_ref idref="fl-ea"/>
      </object_component>
      <object_component id="oc-272">
         <name>.data</name>
         <load_address>0x2001bbc8</load_address>
         <run_address>0x2001bbc8</run_address>
         <size>0x10</size>
         <input_file_ref idref="fl-ea"/>
      </object_component>
      <object_component id="oc-439">
         <name>.data:$O1$$</name>
         <load_address>0x2001bbec</load_address>
         <run_address>0x2001bbec</run_address>
         <size>0x8</size>
         <input_file_ref idref="fl-ef"/>
      </object_component>
      <object_component id="oc-557">
         <name>.data:_device</name>
         <load_address>0x2001bad8</load_address>
         <run_address>0x2001bad8</run_address>
         <size>0x78</size>
         <input_file_ref idref="fl-f4"/>
      </object_component>
      <object_component id="oc-4df">
         <name>.data:_stream</name>
         <load_address>0x2001bb50</load_address>
         <run_address>0x2001bb50</run_address>
         <size>0x50</size>
         <input_file_ref idref="fl-f4"/>
      </object_component>
      <object_component id="oc-4de">
         <name>.data</name>
         <load_address>0x2001bbfc</load_address>
         <run_address>0x2001bbfc</run_address>
         <size>0x4</size>
         <input_file_ref idref="fl-f6"/>
      </object_component>
      <object_component id="oc-4ac">
         <name>.data</name>
         <load_address>0x2001bbf4</load_address>
         <run_address>0x2001bbf4</run_address>
         <size>0x4</size>
         <input_file_ref idref="fl-f9"/>
      </object_component>
      <object_component id="oc-108">
         <name>.bss:g_ucTxBuff</name>
         <uninitialized>true</uninitialized>
         <run_address>0x2001b068</run_address>
         <size>0xc8</size>
         <input_file_ref idref="fl-2"/>
      </object_component>
      <object_component id="oc-12c">
         <name>.bss:g_ucRxBuff</name>
         <uninitialized>true</uninitialized>
         <run_address>0x2001afa0</run_address>
         <size>0xc8</size>
         <input_file_ref idref="fl-2"/>
      </object_component>
      <object_component id="oc-10b">
         <name>.bss</name>
         <uninitialized>true</uninitialized>
         <run_address>0x2001b1d0</run_address>
         <size>0x8</size>
         <input_file_ref idref="fl-2"/>
      </object_component>
      <object_component id="oc-210">
         <name>.bss</name>
         <uninitialized>true</uninitialized>
         <run_address>0x2001b1e0</run_address>
         <size>0x4</size>
         <input_file_ref idref="fl-8"/>
      </object_component>
      <object_component id="oc-607">
         <name>.bss:_CIOBUF_</name>
         <uninitialized>true</uninitialized>
         <run_address>0x2001ae80</run_address>
         <size>0x120</size>
         <input_file_ref idref="fl-10d"/>
      </object_component>
      <object_component id="oc-134">
         <name>.common:insamp</name>
         <uninitialized>true</uninitialized>
         <run_address>0x20017000</run_address>
         <size>0x3e80</size>
      </object_component>
      <object_component id="oc-411">
         <name>.common:__TI_tmpnams</name>
         <uninitialized>true</uninitialized>
         <run_address>0x2001b130</run_address>
         <size>0xa0</size>
      </object_component>
      <object_component id="oc-5ed">
         <name>.common:parmbuf</name>
         <uninitialized>true</uninitialized>
         <run_address>0x2001b1d8</run_address>
         <size>0x8</size>
      </object_component>
      <object_component id="oc-20">
         <name>.sysmem</name>
         <uninitialized>true</uninitialized>
         <run_address>0x2001b1e8</run_address>
         <size>0x10</size>
         <input_file_ref idref="fl-ef"/>
      </object_component>
      <object_component id="oc-64f">
         <name>.sysmem</name>
         <uninitialized>true</uninitialized>
         <run_address>0x2001b1e8</run_address>
         <size>0x0</size>
      </object_component>
      <object_component id="oc-23">
         <name>.stack</name>
         <uninitialized>true</uninitialized>
         <run_address>0x2002f800</run_address>
         <size>0x4</size>
         <input_file_ref idref="fl-f8"/>
      </object_component>
      <object_component id="oc-64e">
         <name>.stack</name>
         <uninitialized>true</uninitialized>
         <run_address>0x2002f800</run_address>
         <size>0x0</size>
      </object_component>
      <object_component id="oc-135">
         <name>.debug_info</name>
         <load_address>0x0</load_address>
         <run_address>0x0</run_address>
         <size>0x9b3</size>
         <input_file_ref idref="fl-2"/>
      </object_component>
      <object_component id="oc-165">
         <name>.debug_info</name>
         <load_address>0x9b3</load_address>
         <run_address>0x9b3</run_address>
         <size>0xcc</size>
         <input_file_ref idref="fl-2"/>
      </object_component>
      <object_component id="oc-109">
         <name>.debug_info</name>
         <load_address>0xa7f</load_address>
         <run_address>0xa7f</run_address>
         <size>0xd3</size>
         <input_file_ref idref="fl-2"/>
      </object_component>
      <object_component id="oc-12d">
         <name>.debug_info</name>
         <load_address>0xb52</load_address>
         <run_address>0xb52</run_address>
         <size>0xd3</size>
         <input_file_ref idref="fl-2"/>
      </object_component>
      <object_component id="oc-10c">
         <name>.debug_info</name>
         <load_address>0xc25</load_address>
         <run_address>0xc25</run_address>
         <size>0x127</size>
         <input_file_ref idref="fl-2"/>
      </object_component>
      <object_component id="oc-95">
         <name>.debug_info</name>
         <load_address>0xd4c</load_address>
         <run_address>0xd4c</run_address>
         <size>0x1020</size>
         <input_file_ref idref="fl-2"/>
      </object_component>
      <object_component id="oc-292">
         <name>.debug_info</name>
         <load_address>0x1d6c</load_address>
         <run_address>0x1d6c</run_address>
         <size>0x26b</size>
         <input_file_ref idref="fl-2"/>
      </object_component>
      <object_component id="oc-425">
         <name>.debug_info</name>
         <load_address>0x1fd7</load_address>
         <run_address>0x1fd7</run_address>
         <size>0x62</size>
         <input_file_ref idref="fl-2"/>
      </object_component>
      <object_component id="oc-35">
         <name>.debug_info</name>
         <load_address>0x2039</load_address>
         <run_address>0x2039</run_address>
         <size>0x84</size>
         <input_file_ref idref="fl-2"/>
      </object_component>
      <object_component id="oc-302">
         <name>.debug_info</name>
         <load_address>0x20bd</load_address>
         <run_address>0x20bd</run_address>
         <size>0x297</size>
         <input_file_ref idref="fl-2"/>
      </object_component>
      <object_component id="oc-17e">
         <name>.debug_info</name>
         <load_address>0x2354</load_address>
         <run_address>0x2354</run_address>
         <size>0xbb</size>
         <input_file_ref idref="fl-2"/>
      </object_component>
      <object_component id="oc-1db">
         <name>.debug_info</name>
         <load_address>0x240f</load_address>
         <run_address>0x240f</run_address>
         <size>0x2c</size>
         <input_file_ref idref="fl-2"/>
      </object_component>
      <object_component id="oc-b9">
         <name>.debug_info</name>
         <load_address>0x243b</load_address>
         <run_address>0x243b</run_address>
         <size>0x2c</size>
         <input_file_ref idref="fl-2"/>
      </object_component>
      <object_component id="oc-297">
         <name>.debug_info</name>
         <load_address>0x2467</load_address>
         <run_address>0x2467</run_address>
         <size>0xbf</size>
         <input_file_ref idref="fl-2"/>
      </object_component>
      <object_component id="oc-215">
         <name>.debug_info</name>
         <load_address>0x2526</load_address>
         <run_address>0x2526</run_address>
         <size>0x2c</size>
         <input_file_ref idref="fl-2"/>
      </object_component>
      <object_component id="oc-29c">
         <name>.debug_info</name>
         <load_address>0x2552</load_address>
         <run_address>0x2552</run_address>
         <size>0x35</size>
         <input_file_ref idref="fl-2"/>
      </object_component>
      <object_component id="oc-13f">
         <name>.debug_info</name>
         <load_address>0x2587</load_address>
         <run_address>0x2587</run_address>
         <size>0x2f6</size>
         <input_file_ref idref="fl-3"/>
      </object_component>
      <object_component id="oc-1da">
         <name>.debug_info</name>
         <load_address>0x287d</load_address>
         <run_address>0x287d</run_address>
         <size>0x218</size>
         <input_file_ref idref="fl-4"/>
      </object_component>
      <object_component id="oc-1c2">
         <name>.debug_info</name>
         <load_address>0x2a95</load_address>
         <run_address>0x2a95</run_address>
         <size>0xdc</size>
         <input_file_ref idref="fl-4"/>
      </object_component>
      <object_component id="oc-1cb">
         <name>.debug_info</name>
         <load_address>0x2b71</load_address>
         <run_address>0x2b71</run_address>
         <size>0xe0</size>
         <input_file_ref idref="fl-4"/>
      </object_component>
      <object_component id="oc-c3">
         <name>.debug_info</name>
         <load_address>0x2c51</load_address>
         <run_address>0x2c51</run_address>
         <size>0x1ad0</size>
         <input_file_ref idref="fl-4"/>
      </object_component>
      <object_component id="oc-2e">
         <name>.debug_info</name>
         <load_address>0x4721</load_address>
         <run_address>0x4721</run_address>
         <size>0x18d</size>
         <input_file_ref idref="fl-5"/>
      </object_component>
      <object_component id="oc-10">
         <name>.debug_info</name>
         <load_address>0x48ae</load_address>
         <run_address>0x48ae</run_address>
         <size>0x10c</size>
         <input_file_ref idref="fl-5"/>
      </object_component>
      <object_component id="oc-27">
         <name>.debug_info</name>
         <load_address>0x49ba</load_address>
         <run_address>0x49ba</run_address>
         <size>0x42d</size>
         <input_file_ref idref="fl-5"/>
      </object_component>
      <object_component id="oc-2f2">
         <name>.debug_info</name>
         <load_address>0x4de7</load_address>
         <run_address>0x4de7</run_address>
         <size>0x452</size>
         <input_file_ref idref="fl-7"/>
      </object_component>
      <object_component id="oc-152">
         <name>.debug_info</name>
         <load_address>0x5239</load_address>
         <run_address>0x5239</run_address>
         <size>0xa02</size>
         <input_file_ref idref="fl-7"/>
      </object_component>
      <object_component id="oc-214">
         <name>.debug_info</name>
         <load_address>0x5c3b</load_address>
         <run_address>0x5c3b</run_address>
         <size>0x3a5</size>
         <input_file_ref idref="fl-8"/>
      </object_component>
      <object_component id="oc-211">
         <name>.debug_info</name>
         <load_address>0x5fe0</load_address>
         <run_address>0x5fe0</run_address>
         <size>0xd6</size>
         <input_file_ref idref="fl-8"/>
      </object_component>
      <object_component id="oc-cb">
         <name>.debug_info</name>
         <load_address>0x60b6</load_address>
         <run_address>0x60b6</run_address>
         <size>0x63c</size>
         <input_file_ref idref="fl-8"/>
      </object_component>
      <object_component id="oc-21a">
         <name>.debug_info</name>
         <load_address>0x66f2</load_address>
         <run_address>0x66f2</run_address>
         <size>0x110</size>
         <input_file_ref idref="fl-8"/>
      </object_component>
      <object_component id="oc-327">
         <name>.debug_info</name>
         <load_address>0x6802</load_address>
         <run_address>0x6802</run_address>
         <size>0x201</size>
         <input_file_ref idref="fl-e"/>
      </object_component>
      <object_component id="oc-42d">
         <name>.debug_info</name>
         <load_address>0x6a03</load_address>
         <run_address>0x6a03</run_address>
         <size>0xf0</size>
         <input_file_ref idref="fl-e"/>
      </object_component>
      <object_component id="oc-22b">
         <name>.debug_info</name>
         <load_address>0x6af3</load_address>
         <run_address>0x6af3</run_address>
         <size>0xf4</size>
         <input_file_ref idref="fl-e"/>
      </object_component>
      <object_component id="oc-32b">
         <name>.debug_info</name>
         <load_address>0x6be7</load_address>
         <run_address>0x6be7</run_address>
         <size>0xf6</size>
         <input_file_ref idref="fl-e"/>
      </object_component>
      <object_component id="oc-330">
         <name>.debug_info</name>
         <load_address>0x6cdd</load_address>
         <run_address>0x6cdd</run_address>
         <size>0x161</size>
         <input_file_ref idref="fl-e"/>
      </object_component>
      <object_component id="oc-e9">
         <name>.debug_info</name>
         <load_address>0x6e3e</load_address>
         <run_address>0x6e3e</run_address>
         <size>0x17c</size>
         <input_file_ref idref="fl-e"/>
      </object_component>
      <object_component id="oc-e2">
         <name>.debug_info</name>
         <load_address>0x6fba</load_address>
         <run_address>0x6fba</run_address>
         <size>0x1ae</size>
         <input_file_ref idref="fl-e"/>
      </object_component>
      <object_component id="oc-1c6">
         <name>.debug_info</name>
         <load_address>0x7168</load_address>
         <run_address>0x7168</run_address>
         <size>0x1f8</size>
         <input_file_ref idref="fl-e"/>
      </object_component>
      <object_component id="oc-1d5">
         <name>.debug_info</name>
         <load_address>0x7360</load_address>
         <run_address>0x7360</run_address>
         <size>0x1c3</size>
         <input_file_ref idref="fl-e"/>
      </object_component>
      <object_component id="oc-2cb">
         <name>.debug_info</name>
         <load_address>0x7523</load_address>
         <run_address>0x7523</run_address>
         <size>0x1fa</size>
         <input_file_ref idref="fl-e"/>
      </object_component>
      <object_component id="oc-ef">
         <name>.debug_info</name>
         <load_address>0x771d</load_address>
         <run_address>0x771d</run_address>
         <size>0x19f</size>
         <input_file_ref idref="fl-e"/>
      </object_component>
      <object_component id="oc-1d0">
         <name>.debug_info</name>
         <load_address>0x78bc</load_address>
         <run_address>0x78bc</run_address>
         <size>0x1a1</size>
         <input_file_ref idref="fl-e"/>
      </object_component>
      <object_component id="oc-4ed">
         <name>.debug_info</name>
         <load_address>0x7a5d</load_address>
         <run_address>0x7a5d</run_address>
         <size>0x14e</size>
         <input_file_ref idref="fl-f"/>
      </object_component>
      <object_component id="oc-416">
         <name>.debug_info</name>
         <load_address>0x7bab</load_address>
         <run_address>0x7bab</run_address>
         <size>0xf6</size>
         <input_file_ref idref="fl-f"/>
      </object_component>
      <object_component id="oc-2a4">
         <name>.debug_info</name>
         <load_address>0x7ca1</load_address>
         <run_address>0x7ca1</run_address>
         <size>0x1bf</size>
         <input_file_ref idref="fl-f"/>
      </object_component>
      <object_component id="oc-41d">
         <name>.debug_info</name>
         <load_address>0x7e60</load_address>
         <run_address>0x7e60</run_address>
         <size>0x20d</size>
         <input_file_ref idref="fl-f"/>
      </object_component>
      <object_component id="oc-2b2">
         <name>.debug_info</name>
         <load_address>0x806d</load_address>
         <run_address>0x806d</run_address>
         <size>0x1d4</size>
         <input_file_ref idref="fl-f"/>
      </object_component>
      <object_component id="oc-2ac">
         <name>.debug_info</name>
         <load_address>0x8241</load_address>
         <run_address>0x8241</run_address>
         <size>0x1d2</size>
         <input_file_ref idref="fl-f"/>
      </object_component>
      <object_component id="oc-2ba">
         <name>.debug_info</name>
         <load_address>0x8413</load_address>
         <run_address>0x8413</run_address>
         <size>0x25e</size>
         <input_file_ref idref="fl-10"/>
      </object_component>
[...]
         <object_component_ref idref="oc-d4"/>
      </symbol>
      <symbol id="sm-466">
         <name>UARTConfigSetExpClk</name>
         <value>0x2000811b</value>
         <object_component_ref idref="oc-1e0"/>
      </symbol>
      <symbol id="sm-467">
         <name>UARTDisable</name>
         <value>0x20008ddd</value>
         <object_component_ref idref="oc-337"/>
      </symbol>
      <symbol id="sm-468">
         <name>UARTCharsAvail</name>
         <value>0x20009271</value>
         <object_component_ref idref="oc-1f2"/>
      </symbol>
      <symbol id="sm-469">
         <name>UARTCharGetNonBlocking</name>
         <value>0x200091b7</value>
         <object_component_ref idref="oc-1f8"/>
      </symbol>
      <symbol id="sm-46a">
         <name>UARTCharPut</name>
         <value>0x2000915f</value>
         <object_component_ref idref="oc-1e6"/>
      </symbol>
      <symbol id="sm-46b">
         <name>UARTEnable</name>
         <value>0x20009039</value>
         <object_component_ref idref="oc-33d"/>
      </symbol>
      <symbol id="sm-46f">
         <name>UtilsDelay</name>
         <value>0x200093c1</value>
         <object_component_ref idref="oc-37d"/>
      </symbol>
      <symbol id="sm-479">
         <name>CPUcpsie</name>
         <value>0x200092fb</value>
         <object_component_ref idref="oc-223"/>
      </symbol>
      <symbol id="sm-4a6">
         <name>printf</name>
         <value>0x20008485</value>
         <object_component_ref idref="oc-10e"/>
      </symbol>
      <symbol id="sm-4cc">
         <name>fprintf</name>
         <value>0x200084ed</value>
         <object_component_ref idref="oc-120"/>
      </symbol>
      <symbol id="sm-636">
         <name>__TI_printfi</name>
         <value>0x20004f9d</value>
         <object_component_ref idref="oc-24f"/>
      </symbol>
      <symbol id="sm-660">
         <name>vsnprintf</name>
         <value>0x20008c49</value>
         <object_component_ref idref="oc-1ec"/>
      </symbol>
      <symbol id="sm-680">
         <name>__TI_closefile</name>
         <value>0x20008191</value>
         <object_component_ref idref="oc-285"/>
      </symbol>
      <symbol id="sm-681">
         <name>fclose</name>
         <value>0x20008ec9</value>
         <object_component_ref idref="oc-126"/>
      </symbol>
      <symbol id="sm-691">
         <name>__TI_doflush</name>
         <value>0x2000898b</value>
         <object_component_ref idref="oc-3ff"/>
      </symbol>
      <symbol id="sm-6de">
         <name>__TI_cleanup</name>
         <value>0x20008d75</value>
         <object_component_ref idref="oc-3f0"/>
      </symbol>
      <symbol id="sm-6df">
         <name>fopen</name>
         <value>0x20007ba1</value>
         <object_component_ref idref="oc-11a"/>
      </symbol>
      <symbol id="sm-6f4">
         <name>putc</name>
         <value>0x20007e05</value>
         <object_component_ref idref="oc-3da"/>
      </symbol>
      <symbol id="sm-6f5">
         <name>fputc</name>
         <value>0x20007e05</value>
         <object_component_ref idref="oc-3da"/>
      </symbol>
      <symbol id="sm-713">
         <name>fputs</name>
         <value>0x20007091</value>
         <object_component_ref idref="oc-3d3"/>
      </symbol>
      <symbol id="sm-72b">
         <name>__TI_wrt_ok</name>
         <value>0x200085b5</value>
         <object_component_ref idref="oc-4c2"/>
      </symbol>
      <symbol id="sm-747">
         <name>setvbuf</name>
         <value>0x20007589</value>
         <object_component_ref idref="oc-53b"/>
      </symbol>
      <symbol id="sm-767">
         <name>frexpl</name>
         <value>0x200086d5</value>
         <object_component_ref idref="oc-490"/>
      </symbol>
      <symbol id="sm-768">
         <name>frexp</name>
         <value>0x200086d5</value>
         <object_component_ref idref="oc-490"/>
      </symbol>
      <symbol id="sm-786">
         <name>scalbn</name>
         <value>0x20007811</value>
         <object_component_ref idref="oc-496"/>
      </symbol>
      <symbol id="sm-787">
         <name>scalbnl</name>
         <value>0x20007811</value>
         <object_component_ref idref="oc-496"/>
      </symbol>
      <symbol id="sm-788">
         <name>ldexpl</name>
         <value>0x20007811</value>
         <object_component_ref idref="oc-496"/>
      </symbol>
      <symbol id="sm-789">
         <name>ldexp</name>
         <value>0x20007811</value>
         <object_component_ref idref="oc-496"/>
      </symbol>
      <symbol id="sm-796">
         <name>__aeabi_uldivmod</name>
         <value>0x20007cd9</value>
         <object_component_ref idref="oc-469"/>
      </symbol>
      <symbol id="sm-7a5">
         <name>__aeabi_memset</name>
         <value>0x200080a3</value>
         <object_component_ref idref="oc-88"/>
      </symbol>
      <symbol id="sm-7a6">
         <name>memset</name>
         <value>0x200080a9</value>
         <object_component_ref idref="oc-88"/>
      </symbol>
      <symbol id="sm-7a7">
         <name>__aeabi_memset8</name>
         <value>0x200080a3</value>
         <object_component_ref idref="oc-88"/>
      </symbol>
      <symbol id="sm-7a8">
         <name>__aeabi_memset4</name>
         <value>0x200080a3</value>
         <object_component_ref idref="oc-88"/>
      </symbol>
      <symbol id="sm-7a9">
         <name>__aeabi_memclr8</name>
         <value>0x200080a1</value>
         <object_component_ref idref="oc-88"/>
      </symbol>
      <symbol id="sm-7aa">
         <name>__aeabi_memclr4</name>
         <value>0x200080a1</value>
         <object_component_ref idref="oc-88"/>
      </symbol>
      <symbol id="sm-7ab">
         <name>__aeabi_memclr</name>
         <value>0x200080a1</value>
         <object_component_ref idref="oc-88"/>
      </symbol>
      <symbol id="sm-7c2">
         <name>__aeabi_dsub</name>
         <value>0x20006835</value>
         <object_component_ref idref="oc-fd"/>
      </symbol>
      <symbol id="sm-7c3">
         <name>__aeabi_dadd</name>
         <value>0x2000683f</value>
         <object_component_ref idref="oc-fd"/>
      </symbol>
      <symbol id="sm-7e5">
         <name>__aeabi_cdcmpeq</name>
         <value>0x20007f19</value>
         <object_component_ref idref="oc-137"/>
      </symbol>
      <symbol id="sm-7e6">
         <name>__aeabi_cdcmple</name>
         <value>0x20007f19</value>
         <object_component_ref idref="oc-137"/>
      </symbol>
      <symbol id="sm-7e7">
         <name>__aeabi_cdrcmple</name>
         <value>0x20007f9f</value>
         <object_component_ref idref="oc-12f"/>
      </symbol>
      <symbol id="sm-7fb">
         <name>__aeabi_ddiv</name>
         <value>0x20006e39</value>
         <object_component_ref idref="oc-159"/>
      </symbol>
      <symbol id="sm-806">
         <name>__aeabi_dmul</name>
         <value>0x200072b1</value>
         <object_component_ref idref="oc-f8"/>
      </symbol>
      <symbol id="sm-810">
         <name>__aeabi_d2iz</name>
         <value>0x20008a6d</value>
         <object_component_ref idref="oc-16c"/>
      </symbol>
      <symbol id="sm-81a">
         <name>__aeabi_i2d</name>
         <value>0x20008e6d</value>
         <object_component_ref idref="oc-167"/>
      </symbol>
      <symbol id="sm-835">
         <name>memcpy</name>
         <value>0x20007c3d</value>
         <object_component_ref idref="oc-3a"/>
      </symbol>
      <symbol id="sm-836">
         <name>__aeabi_memcpy</name>
         <value>0x20007c3d</value>
         <object_component_ref idref="oc-3a"/>
      </symbol>
      <symbol id="sm-837">
         <name>__aeabi_memcpy8</name>
         <value>0x20007c3d</value>
         <object_component_ref idref="oc-3a"/>
      </symbol>
      <symbol id="sm-838">
         <name>__aeabi_memcpy4</name>
         <value>0x20007c3d</value>
         <object_component_ref idref="oc-3a"/>
      </symbol>
      <symbol id="sm-842">
         <name>__aeabi_ui2d</name>
         <value>0x200090e5</value>
         <object_component_ref idref="oc-154"/>
      </symbol>
      <symbol id="sm-854">
         <name>__TI_zero_init</name>
         <value>0x20009399</value>
         <object_component_ref idref="oc-4c"/>
      </symbol>
      <symbol id="sm-86b">
         <name>__TI_decompress_none</name>
         <value>0x20009371</value>
         <object_component_ref idref="oc-18"/>
      </symbol>
      <symbol id="sm-88e">
         <name>__TI_decompress_lzss</name>
         <value>0x2000841d</value>
         <object_component_ref idref="oc-12"/>
      </symbol>
      <symbol id="sm-8b4">
         <name>C$$EXIT</name>
         <value>0x200093db</value>
         <object_component_ref idref="oc-183"/>
      </symbol>
      <symbol id="sm-8b5">
         <name>abort</name>
         <value>0x200093db</value>
         <object_component_ref idref="oc-183"/>
      </symbol>
      <symbol id="sm-8b6">
         <name>__TI_dtors_ptr</name>
         <value>0x2001bbdc</value>
         <object_component_ref idref="oc-308"/>
      </symbol>
      <symbol id="sm-8b7">
         <name>__TI_cleanup_ptr</name>
         <value>0x2001bbd8</value>
         <object_component_ref idref="oc-308"/>
      </symbol>
      <symbol id="sm-8b8">
         <name>__TI_enable_exit_profile_output</name>
         <value>0x2001bbe0</value>
         <object_component_ref idref="oc-308"/>
      </symbol>
      <symbol id="sm-8b9">
         <name>exit</name>
         <value>0x20008a25</value>
         <object_component_ref idref="oc-189"/>
      </symbol>
      <symbol id="sm-8ce">
         <name>_nop</name>
         <value>0x200069eb</value>
         <object_component_ref idref="oc-3c5"/>
      </symbol>
      <symbol id="sm-8cf">
         <name>_lock</name>
         <value>0x2001bbe4</value>
         <object_component_ref idref="oc-255"/>
      </symbol>
      <symbol id="sm-8d0">
         <name>_unlock</name>
         <value>0x2001bbe8</value>
         <object_component_ref idref="oc-255"/>
      </symbol>
      <symbol id="sm-8e6">
         <name>atoi</name>
         <value>0x200089d9</value>
         <object_component_ref idref="oc-383"/>
      </symbol>
      <symbol id="sm-8f1">
         <name>_ctypes_</name>
         <value>0x200093e0</value>
         <object_component_ref idref="oc-464"/>
      </symbol>
      <symbol id="sm-906">
         <name>__TI_tmpnams</name>
         <value>0x2001b130</value>
      </symbol>
      <symbol id="sm-907">
         <name>__aeabi_stdout</name>
         <value>0x2001bbd0</value>
         <object_component_ref idref="oc-272"/>
      </symbol>
      <symbol id="sm-908">
         <name>__aeabi_stderr</name>
         <value>0x2001bbd4</value>
         <object_component_ref idref="oc-272"/>
      </symbol>
      <symbol id="sm-909">
         <name>__aeabi_stdin</name>
         <value>0x2001bbcc</value>
         <object_component_ref idref="oc-272"/>
      </symbol>
      <symbol id="sm-90a">
         <name>_ftable</name>
         <value>0x2001b9e8</value>
         <object_component_ref idref="oc-258"/>
      </symbol>
      <symbol id="sm-90b">
         <name>__TI_ft_end</name>
         <value>0x2001bbc8</value>
         <object_component_ref idref="oc-272"/>
      </symbol>
      <symbol id="sm-91a">
         <name>ltoa</name>
         <value>0x200088e5</value>
         <object_component_ref idref="oc-46f"/>
      </symbol>
      <symbol id="sm-92a">
         <name>memccpy</name>
         <value>0x200091f1</value>
         <object_component_ref idref="oc-3a7"/>
      </symbol>
      <symbol id="sm-93a">
         <name>memchr</name>
         <value>0x200090c5</value>
         <object_component_ref idref="oc-4c8"/>
      </symbol>
      <symbol id="sm-94a">
         <name>memmove</name>
         <value>0x20009081</value>
         <object_component_ref idref="oc-102"/>
      </symbol>
      <symbol id="sm-9e2">
         <name>_sys_memory</name>
         <value>0x2001b1e8</value>
         <object_component_ref idref="oc-20"/>
      </symbol>
      <symbol id="sm-9e3">
         <name>free</name>
         <value>0x200074a1</value>
         <object_component_ref idref="oc-20a"/>
      </symbol>
      <symbol id="sm-9e4">
         <name>realloc</name>
         <value>0x20007665</value>
         <object_component_ref idref="oc-204"/>
      </symbol>
      <symbol id="sm-9e5">
         <name>memalign</name>
         <value>0x200073ad</value>
         <object_component_ref idref="oc-2f5"/>
      </symbol>
      <symbol id="sm-9e6">
         <name>malloc</name>
         <value>0x200093b9</value>
         <object_component_ref idref="oc-15e"/>
      </symbol>
      <symbol id="sm-9e7">
         <name>aligned_alloc</name>
         <value>0x200073ad</value>
         <object_component_ref idref="oc-2f5"/>
      </symbol>
      <symbol id="sm-9f7">
         <name>strcat</name>
         <value>0x2000917d</value>
         <object_component_ref idref="oc-114"/>
      </symbol>
      <symbol id="sm-a07">
         <name>strchr</name>
         <value>0x200092e5</value>
         <object_component_ref idref="oc-49c"/>
      </symbol>
      <symbol id="sm-a15">
         <name>strlen</name>
         <value>0x20009339</value>
         <object_component_ref idref="oc-1fe"/>
      </symbol>
      <symbol id="sm-a2f">
         <name>write</name>
         <value>0x20008fed</value>
         <object_component_ref idref="oc-4ce"/>
      </symbol>
      <symbol id="sm-a40">
         <name>_stream</name>
         <value>0x2001bb50</value>
         <object_component_ref idref="oc-4df"/>
      </symbol>
      <symbol id="sm-a41">
         <name>_device</name>
         <value>0x2001bad8</value>
         <object_component_ref idref="oc-557"/>
      </symbol>
      <symbol id="sm-a5f">
         <name>open</name>
         <value>0x200078e1</value>
         <object_component_ref idref="oc-3ea"/>
      </symbol>
      <symbol id="sm-a73">
         <name>close</name>
         <value>0x20008679</value>
         <object_component_ref idref="oc-405"/>
      </symbol>
      <symbol id="sm-a85">
         <name>__stack</name>
         <value>0x2002f800</value>
         <object_component_ref idref="oc-23"/>
      </symbol>
      <symbol id="sm-a86">
         <name>_c_int00_noargs</name>
         <value>0x2000905d</value>
         <object_component_ref idref="oc-58"/>
      </symbol>
      <symbol id="sm-a9c">
         <name>__aeabi_errno_addr</name>
         <value>0x200093b1</value>
         <object_component_ref idref="oc-3b3"/>
      </symbol>
      <symbol id="sm-a9d">
         <name>errno</name>
         <value>0x2001bbf4</value>
         <object_component_ref idref="oc-4ac"/>
      </symbol>
      <symbol id="sm-ab6">
         <name>wcslen</name>
         <value>0x2000935f</value>
         <object_component_ref idref="oc-3ad"/>
      </symbol>
      <symbol id="sm-ac0">
         <name>copysign</name>
         <value>0x2000938d</value>
         <object_component_ref idref="oc-519"/>
      </symbol>
      <symbol id="sm-ac1">
         <name>copysignl</name>
         <value>0x2000938d</value>
         <object_component_ref idref="oc-519"/>
      </symbol>
      <symbol id="sm-ad3">
         <name>fseek</name>
         <value>0x20008551</value>
         <object_component_ref idref="oc-535"/>
      </symbol>
      <symbol id="sm-af6">
         <name>finddevice</name>
         <value>0x20008e3d</value>
         <object_component_ref idref="oc-551"/>
      </symbol>
      <symbol id="sm-af7">
         <name>getdevice</name>
         <value>0x20008bc5</value>
         <object_component_ref idref="oc-4d8"/>
      </symbol>
      <symbol id="sm-b01">
         <name>__aeabi_idiv0</name>
         <value>0x20006f6f</value>
         <object_component_ref idref="oc-506"/>
      </symbol>
      <symbol id="sm-b02">
         <name>__aeabi_ldiv0</name>
         <value>0x20006f6f</value>
         <object_component_ref idref="oc-506"/>
      </symbol>
      <symbol id="sm-b2a">
         <name>__TI_auto_init_nobinit_nopinit</name>
         <value>0x20008b81</value>
         <object_component_ref idref="oc-18f"/>
      </symbol>
      <symbol id="sm-b34">
         <name>_system_pre_init</name>
         <value>0x200093d7</value>
         <object_component_ref idref="oc-8e"/>
      </symbol>
      <symbol id="sm-b45">
         <name>strcmp</name>
         <value>0x200092a1</value>
         <object_component_ref idref="oc-5a0"/>
      </symbol>
      <symbol id="sm-b55">
         <name>strncpy</name>
         <value>0x20008d3d</value>
         <object_component_ref idref="oc-54b"/>
      </symbol>
      <symbol id="sm-b65">
         <name>unlink</name>
         <value>0x20008ef5</value>
         <object_component_ref idref="oc-40b"/>
      </symbol>
      <symbol id="sm-b76">
         <name>HOSTclose</name>
         <value>0x20008ab5</value>
         <object_component_ref idref="oc-5ad"/>
      </symbol>
      <symbol id="sm-b87">
         <name>HOSTlseek</name>
         <value>0x200082e5</value>
         <object_component_ref idref="oc-5bf"/>
      </symbol>
      <symbol id="sm-b99">
         <name>parmbuf</name>
         <value>0x2001b1d8</value>
      </symbol>
      <symbol id="sm-b9a">
         <name>HOSTopen</name>
         <value>0x20008619</value>
         <object_component_ref idref="oc-5a7"/>
      </symbol>
      <symbol id="sm-bab">
         <name>HOSTread</name>
         <value>0x20008731</value>
         <object_component_ref idref="oc-5b3"/>
      </symbol>
      <symbol id="sm-bbc">
         <name>HOSTrename</name>
         <value>0x2000834d</value>
         <object_component_ref idref="oc-5cb"/>
      </symbol>
      <symbol id="sm-bcd">
         <name>HOSTunlink</name>
         <value>0x20008af9</value>
         <object_component_ref idref="oc-5c5"/>
      </symbol>
      <symbol id="sm-bde">
         <name>HOSTwrite</name>
         <value>0x20008789</value>
         <object_component_ref idref="oc-5b9"/>
      </symbol>
      <symbol id="sm-c02">
         <name>__TI_readmsg</name>
         <value>0x20008da9</value>
         <object_component_ref idref="oc-5e7"/>
      </symbol>
      <symbol id="sm-c03">
         <name>C$$IO$$</name>
         <value>0x20008d33</value>
         <object_component_ref idref="oc-5e1"/>
      </symbol>
      <symbol id="sm-c04">
         <name>__CIOBUF_</name>
         <value>0x2001ae80</value>
         <object_component_ref idref="oc-607"/>
      </symbol>
      <symbol id="sm-c05">
         <name>__TI_writemsg</name>
         <value>0x20008d05</value>
         <object_component_ref idref="oc-5e1"/>
      </symbol>
      <symbol id="sm-c15">
         <name>lseek</name>
         <value>0x20008fc5</value>
         <object_component_ref idref="oc-589"/>
      </symbol>
      <symbol id="sm-c23">
         <name>strcpy</name>
         <value>0x20009325</value>
         <object_component_ref idref="oc-5fb"/>
      </symbol>
      <symbol id="sm-c24">
         <name>__TI_static_base__</name>
         <value>0x200097d0</value>
      </symbol>
      <symbol id="sm-c27">
         <name>__mpu_init</name>
         <value>0x0</value>
      </symbol>
      <symbol id="sm-c28">
         <name>_system_post_cinit</name>
         <value>0x0</value>
      </symbol>
      <symbol id="sm-c29">
         <name>remove</name>
         <value>0x20008ef5</value>
      </symbol>
   </symbol_table>
   <title>Link successful</title>
</link_info>
