******************************************************************************
                  TI ARM Linker PC v18.12.2                    
******************************************************************************
>> Linked Thu Oct 31 18:03:23 2019

OUTPUT FILE NAME:   <Project2.out>
ENTRY POINT SYMBOL: "_c_int00_noargs"  address: 2000905d


MEMORY CONFIGURATION

         name            origin    length      used     unused   attr    fill
----------------------  --------  ---------  --------  --------  ----  --------
  SRAM_CODE             20004000   00013000  00005882  0000d77e  RW X
  SRAM_DATA             20017000   00019000  000053fc  00013c04  RW X


SEGMENT ALLOCATION MAP

run origin  load origin   length   init length attrs members
----------  ----------- ---------- ----------- ----- -------
20004000    20004000    00005888   00005888    r-x
  20004000    20004000    00000400   00000400    r-- .intvecs
  20004400    20004400    00004fde   00004fde    r-x .text
  200093e0    200093e0    000003ec   000003ec    r-- .const
  200097d0    200097d0    000000b8   000000b8    r-- .cinit
20017000    20017000    00004c00   00000000    rw-
  20017000    20017000    000041e4   00000000    rw- .bss
  2001b1e8    2001b1e8    00000800   00000000    rw- .sysmem
  2001b9e8    2001b9e8    00000218   00000000    rw- .data
2002f800    2002f800    00000800   00000000    rw-
  2002f800    2002f800    00000800   00000000    rw- .stack


SECTION ALLOCATION MAP

 output                                  attributes/
section   page    origin      length       input sections
--------  ----  ----------  ----------   ----------------
.intvecs   0    20004000    00000400     
                  20004000    00000400     startup_ccs.obj (.intvecs)

.init_array 
*          0    20004000    00000000     UNINITIALIZED

.text      0    20004400    00004fde     
                  20004400    00000b9c     main.obj (.text)
                  20004f9c    00000a4e     rtsv7M4_T_le_eabi.lib : _printfi.c.obj (.text:__TI_printfi)
                  200059ea    00000002     driverlib.a : interrupt.obj (.text:IntDefaultHandler)
                  200059ec    00000794     spi.obj (.text)
                  20006180    00000280     uart_if.obj (.text)
                  20006400    00000268     rtsv7M4_T_le_eabi.lib : _printfi.c.obj (.text:_pconv_a)
                  20006668    000001cc                           : _printfi.c.obj (.text:_pconv_g)
                  20006834    000001b6                           : fd_add_t2.asm.obj (.text)
                  200069ea    00000002                           : _lock.c.obj (.text:_nop)
                  200069ec    00000198     timer_if.obj (.text)
                  20006b84    00000178     driverlib.a : prcm.obj (.text:PRCMCC3200MCUInit)
                  20006cfc    0000013c     rtsv7M4_T_le_eabi.lib : _printfi.c.obj (.text:_pconv_e)
                  20006e38    00000136                           : fd_div_t2.asm.obj (.text)
                  20006f6e    00000002                           : div0.asm.obj (.text)
                  20006f70    00000120                           : _printfi.c.obj (.text:fcvt)
                  20007090    00000114                           : fputs.c.obj (.text:fputs)
                  200071a4    0000010c                           : fopen.c.obj (.text:_openfile)
                  200072b0    000000fc                           : fd_mul_t2.asm.obj (.text)
                  200073ac    000000f4                           : memory.c.obj (.text:aligned_alloc)
                  200074a0    000000e8                           : memory.c.obj (.text:free)
                  20007588    000000dc                           : setvbuf.c.obj (.text:setvbuf)
                  20007664    000000d8                           : memory.c.obj (.text:realloc)
                  2000773c    000000d4     pin_mux_config.obj (.text)
                  20007810    000000d0     rtsv7M4_T_le_eabi.lib : s_scalbn.c.obj (.text:scalbn)
                  200078e0    000000bc                           : open.c.obj (.text:open)
                  2000799c    000000b1                           : _printfi.c.obj (.text:_ltostr)
                  20007a4d    00000003     --HOLE-- [fill = 0]
                  20007a50    000000a8     driverlib.a : interrupt.obj (.text:IntDisable)
                  20007af8    000000a8                 : interrupt.obj (.text:IntEnable)
                  20007ba0    0000009c     rtsv7M4_T_le_eabi.lib : fopen.c.obj (.text:fopen)
                  20007c3c    0000009c                           : memcpy_t2.asm.obj (.text)
                  20007cd8    00000096                           : ull_div_t2.asm.obj (.text)
                  20007d6e    00000002     --HOLE-- [fill = 0]
                  20007d70    00000094     driverlib.a : prcm.obj (.text:PRCMPeripheralClockGet)
                  20007e04    0000008c     rtsv7M4_T_le_eabi.lib : fputc.c.obj (.text:fputc)
                  20007e90    00000088     driverlib.a : pin.obj (.text:PinConfigSet)
                  20007f18    00000086     rtsv7M4_T_le_eabi.lib : fd_cmp_t2.asm.obj (.text:__aeabi_cdcmple)
                  20007f9e    00000086                           : fd_cmp_t2.asm.obj (.text:__aeabi_cdrcmple)
                  20008024    0000007c                           : memory.c.obj (.text:split)
                  200080a0    0000007a                           : memset_t2.asm.obj (.text)
                  2000811a    00000076     driverlib.a : uart.obj (.text:UARTConfigSetExpClk)
                  20008190    00000074     rtsv7M4_T_le_eabi.lib : fclose.c.obj (.text:__TI_closefile)
                  20008204    00000070     driverlib.a : timer.obj (.text:TimerIntRegister)
                  20008274    0000006e     rtsv7M4_T_le_eabi.lib : _printfi.c.obj (.text:_mcpy)
                  200082e2    00000002     --HOLE-- [fill = 0]
                  200082e4    00000068                           : hostlseek.c.obj (.text:HOSTlseek)
                  2000834c    00000068                           : hostrename.c.obj (.text:HOSTrename)
                  200083b4    00000068     driverlib.a : timer.obj (.text:TimerIntUnregister)
                  2000841c    00000068     rtsv7M4_T_le_eabi.lib : copy_decompress_lzss.c.obj (.text:decompress:lzss:__TI_decompress_lzss)
                  20008484    00000068                           : printf.c.obj (.text:printf)
                  200084ec    00000064                           : fprintf.c.obj (.text:fprintf)
                  20008550    00000064                           : fseek.c.obj (.text:fseek)
                  200085b4    00000062                           : _io_perm.c.obj (.text:__TI_wrt_ok)
                  20008616    00000002     --HOLE-- [fill = 0]
                  20008618    00000060                           : hostopen.c.obj (.text:HOSTopen)
                  20008678    0000005c                           : close.c.obj (.text:close)
                  200086d4    0000005c                           : s_frexp.c.obj (.text:frexp)
                  20008730    00000058                           : hostread.c.obj (.text:HOSTread)
                  20008788    00000058                           : hostwrite.c.obj (.text:HOSTwrite)
                  200087e0    00000058     driverlib.a : prcm.obj (.text:PRCMPeripheralReset)
                  20008838    00000056     rtsv7M4_T_le_eabi.lib : _printfi.c.obj (.text:_pconv_f)
                  2000888e    00000002     --HOLE-- [fill = 0]
                  20008890    00000054     driverlib.a : interrupt.obj (.text:IntPrioritySet)
                  200088e4    00000054     rtsv7M4_T_le_eabi.lib : ltoa.c.obj (.text:ltoa)
                  20008938    00000052                           : _printfi.c.obj (.text:_ecpy)
                  2000898a    0000004c                           : fflush.c.obj (.text:__TI_doflush)
                  200089d6    00000002     --HOLE-- [fill = 0]
                  200089d8    0000004c                           : atoi.c.obj (.text:atoi)
                  20008a24    00000048                           : exit.c.obj (.text:exit)
                  20008a6c    00000048                           : fd_toi_t2.asm.obj (.text)
                  20008ab4    00000044                           : hostclose.c.obj (.text:HOSTclose)
                  20008af8    00000044                           : hostunlink.c.obj (.text:HOSTunlink)
                  20008b3c    00000044     driverlib.a : timer.obj (.text:TimerConfigure)
                  20008b80    00000044     rtsv7M4_T_le_eabi.lib : autoinit.c.obj (.text:__TI_auto_init_nobinit_nopinit:__TI_auto_init_nobinit_nopinit)
                  20008bc4    00000044                           : getdevice.c.obj (.text:getdevice)
                  20008c08    00000040     driverlib.a : pin.obj (.text:PinModeSet)
                  20008c48    00000040     rtsv7M4_T_le_eabi.lib : vsnprintf.c.obj (.text:vsnprintf)
                  20008c88    0000003e                           : _printfi.c.obj (.text:_fcpy)
                  20008cc6    00000002     --HOLE-- [fill = 0]
                  20008cc8    0000003c     driverlib.a : prcm.obj (.text:PRCMPeripheralClkEnable)
                  20008d04    00000038     rtsv7M4_T_le_eabi.lib : trgmsg.c.obj (.text:__TI_writemsg)
                  20008d3c    00000036                           : strncpy.c.obj (.text:strncpy)
                  20008d72    00000002     --HOLE-- [fill = 0]
                  20008d74    00000034                           : fopen.c.obj (.text:__TI_cleanup)
                  20008da8    00000034                           : trgmsg.c.obj (.text:__TI_readmsg)
                  20008ddc    00000030     driverlib.a : uart.obj (.text:UARTDisable)
                  20008e0c    00000030     rtsv7M4_T_le_eabi.lib : vsnprintf.c.obj (.text:_outs)
                  20008e3c    00000030                           : getdevice.c.obj (.text:finddevice)
                  20008e6c    0000002e                           : i_tofd_t2.asm.obj (.text)
                  20008e9a    00000002     --HOLE-- [fill = 0]
                  20008e9c    0000002c     driverlib.a : prcm.obj (.text:PRCMSysResetCauseGet)
                  20008ec8    0000002c     rtsv7M4_T_le_eabi.lib : fclose.c.obj (.text:fclose)
                  20008ef4    0000002c                           : unlink.c.obj (.text:unlink)
                  20008f20    0000002a     driverlib.a : timer.obj (.text:TimerLoadSet)
                  20008f4a    0000002a                 : timer.obj (.text:TimerPrescaleSet)
                  20008f74    00000028                 : prcm.obj (.text:PRCMPeripheralClkDisable)
                  20008f9c    00000028     rtsv7M4_T_le_eabi.lib : memory.c.obj (.text:free_list_insert)
                  20008fc4    00000028                           : lseek.c.obj (.text:lseek)
                  20008fec    00000028                           : write.c.obj (.text:write)
                  20009014    00000024     driverlib.a : interrupt.obj (.text:IntUnregister)
                  20009038    00000024                 : uart.obj (.text:UARTEnable)
                  2000905c    00000024     rtsv7M4_T_le_eabi.lib : boot_cortex_m.c.obj (.text:_c_int00_noargs:_c_int00_noargs)
                  20009080    00000024                           : memmov.c.obj (.text:memmove)
                  200090a4    00000020     driverlib.a : interrupt.obj (.text:IntRegister)
                  200090c4    00000020     rtsv7M4_T_le_eabi.lib : memchr.c.obj (.text:memchr)
                  200090e4    00000020                           : u_tofd_t2.asm.obj (.text)
                  20009104    0000001e     driverlib.a : timer.obj (.text:TimerDisable)
                  20009122    0000001e                 : timer.obj (.text:TimerEnable)
                  20009140    0000001e                 : timer.obj (.text:TimerIntStatus)
                  2000915e    0000001e                 : uart.obj (.text:UARTCharPut)
                  2000917c    0000001e     rtsv7M4_T_le_eabi.lib : strcat.c.obj (.text:strcat)
                  2000919a    0000001c     driverlib.a : timer.obj (.text:TimerValueGet)
                  200091b6    0000001c                 : uart.obj (.text:UARTCharGetNonBlocking)
                  200091d2    00000002     --HOLE-- [fill = 0]
                  200091d4    0000001c     rtsv7M4_T_le_eabi.lib : memory.c.obj (.text:free_list_remove)
                  200091f0    0000001c                           : memccpy.c.obj (.text:memccpy)
                  2000920c    0000001a     driverlib.a : pin.obj (.text:PinTypeSPI)
                  20009226    0000001a                 : pin.obj (.text:PinTypeUART)
                  20009240    00000018                 : timer.obj (.text:TimerIntDisable)
                  20009258    00000018                 : timer.obj (.text:TimerIntEnable)
                  20009270    00000018                 : uart.obj (.text:UARTCharsAvail)
                  20009288    00000018     rtsv7M4_T_le_eabi.lib : vsnprintf.c.obj (.text:_outc)
                  200092a0    00000018                           : strcmp.c.obj (.text:strcmp)
                  200092b8    00000016     driverlib.a : prcm.obj (.text:PRCMHIBRegRead)
                  200092ce    00000016                 : prcm.obj (.text:PRCMHIBRegWrite)
                  200092e4    00000016     rtsv7M4_T_le_eabi.lib : strchr.c.obj (.text:strchr)
                  200092fa    00000014     driverlib.a : cpu.obj (.text:CPUcpsie)
                  2000930e    00000002     --HOLE-- [fill = 0]
                  20009310    00000014                 : interrupt.obj (.text:IntVTableBaseSet)
                  20009324    00000014     rtsv7M4_T_le_eabi.lib : strcpy.c.obj (.text:strcpy)
                  20009338    00000014                           : strlen.c.obj (.text:strlen)
                  2000934c    00000012     driverlib.a : timer.obj (.text:TimerIntClear)
                  2000935e    00000012     rtsv7M4_T_le_eabi.lib : wcslen.c.obj (.text:wcslen)
                  20009370    0000000e                           : copy_decompress_none.c.obj (.text:decompress:none:__TI_decompress_none)
                  2000937e    0000000e     startup_ccs.obj (.text)
                  2000938c    0000000c     rtsv7M4_T_le_eabi.lib : s_copysign.c.obj (.text:copysign)
                  20009398    0000000c                           : copy_zero_init.c.obj (.text:decompress:ZI:__TI_zero_init)
                  200093a4    0000000a     driverlib.a : interrupt.obj (.text:IntMasterEnable)
                  200093ae    00000002     --HOLE-- [fill = 0]
                  200093b0    00000008     rtsv7M4_T_le_eabi.lib : errno.c.obj (.text:__aeabi_errno_addr)
                  200093b8    00000008                           : memory.c.obj (.text:malloc)
                  200093c0    00000006     driverlib.a : utils.obj (.text:UtilsDelay)
                  200093c6    00000004     rtsv7M4_T_le_eabi.lib : fprintf.c.obj (.text:_outc)
                  200093ca    00000004                           : printf.c.obj (.text:_outc)
                  200093ce    00000004                           : fprintf.c.obj (.text:_outs)
                  200093d2    00000004                           : printf.c.obj (.text:_outs)
                  200093d6    00000004                           : pre_init.c.obj (.text:_system_pre_init)
                  200093da    00000004                           : exit.c.obj (.text:abort:abort)

.const     0    200093e0    000003ec     
                  200093e0    00000101     rtsv7M4_T_le_eabi.lib : ctype.c.obj (.const:.string:_ctypes_)
                  200094e1    00000003     --HOLE-- [fill = 0]
                  200094e4    00000100     driverlib.a : pin.obj (.const:g_ulPinToPadMap)
                  200095e4    000000d4                 : interrupt.obj (.const:g_pulRegs)
                  200096b8    000000a8                 : prcm.obj (.const:PRCM_PeriphRegsList)
                  20009760    00000024     spi.obj (.const:g_ppulSPIIntMap)
                  20009784    00000018     driverlib.a : interrupt.obj (.const:g_pulDisRegs)
                  2000979c    00000018                 : interrupt.obj (.const:g_pulEnRegs)
                  200097b4    00000018     spi.obj (.const:g_ulSPIDmaMaskMap)

.cinit     0    200097d0    000000b8     
                  200097d0    0000008d     (.cinit..data.load) [load image, compression = lzss]
                  2000985d    00000003     --HOLE-- [fill = 0]
                  20009860    0000000c     (__TI_handler_table)
                  2000986c    00000004     --HOLE-- [fill = 0]
                  20009870    00000008     (.cinit..bss.load) [load image, compression = zero_init]
                  20009878    00000010     (__TI_cinit_table)

.bss       0    20017000    000041e4     UNINITIALIZED
                  20017000    00003e80     (.common:insamp)
                  2001ae80    00000120     rtsv7M4_T_le_eabi.lib : trgmsg.c.obj (.bss:_CIOBUF_)
                  2001afa0    000000c8     main.obj (.bss:g_ucRxBuff)
                  2001b068    000000c8     main.obj (.bss:g_ucTxBuff)
                  2001b130    000000a0     (.common:__TI_tmpnams)
                  2001b1d0    00000008     main.obj (.bss)
                  2001b1d8    00000008     (.common:parmbuf)
                  2001b1e0    00000004     uart_if.obj (.bss)

.sysmem    0    2001b1e8    00000800     UNINITIALIZED
                  2001b1e8    00000010     rtsv7M4_T_le_eabi.lib : memory.c.obj (.sysmem)
                  2001b1f8    000007f0     --HOLE--

.data      0    2001b9e8    00000218     UNINITIALIZED
                  2001b9e8    000000f0     rtsv7M4_T_le_eabi.lib : defs.c.obj (.data:_ftable)
                  2001bad8    00000078                           : host_device.c.obj (.data:_device)
                  2001bb50    00000050                           : host_device.c.obj (.data:_stream)
                  2001bba0    00000028     main.obj (.data:coeffs)
                  2001bbc8    00000010     rtsv7M4_T_le_eabi.lib : defs.c.obj (.data)
                  2001bbd8    0000000c                           : exit.c.obj (.data:$O1$$)
                  2001bbe4    00000008                           : _lock.c.obj (.data:$O1$$)
                  2001bbec    00000008                           : memory.c.obj (.data:$O1$$)
                  2001bbf4    00000004                           : errno.c.obj (.data)
                  2001bbf8    00000004                           : fopen.c.obj (.data)
                  2001bbfc    00000004                           : open.c.obj (.data)

.stack     0    2002f800    00000800     UNINITIALIZED
                  2002f800    00000004     rtsv7M4_T_le_eabi.lib : boot_cortex_m.c.obj (.stack)
                  2002f804    000007fc     --HOLE--

MODULE SUMMARY

       Module                       code    ro data   rw data
       ------                       ----    -------   -------
    .\
       main.obj                     2972    0         16448  
       spi.obj                      1940    60        0      
       startup_ccs.obj              14      1024      0      
       uart_if.obj                  640     0         4      
       timer_if.obj                 408     0         0      
       pin_mux_config.obj           212     0         0      
    +--+----------------------------+-------+---------+---------+
       Total:                       6186    1084      16452  
                                                             
    C:/ti/CC3200SDK_1.4.0/cc3200-sdk/driverlib/ccs/Release/driverlib.a
       prcm.obj                     800     168       0      
       interrupt.obj                520     260       0      
       timer.obj                    552     0         0      
       pin.obj                      252     256       0      
       uart.obj                     284     0         0      
       cpu.obj                      20      0         0      
       utils.obj                    6       0         0      
    +--+----------------------------+-------+---------+---------+
       Total:                       2434    684       0      
                                                             
    C:\ti\ccs910\ccs\tools\compiler\ti-cgt-arm_18.12.2.LTS\lib\rtsv7M4_T_le_eabi.lib
       _printfi.c.obj               4835    0         0      
       memory.c.obj                 892     0         8      
       fopen.c.obj                  476     0         4      
       fd_add_t2.asm.obj            438     0         0      
       defs.c.obj                   0       0         416    
       trgmsg.c.obj                 108     0         288    
       fd_div_t2.asm.obj            310     0         0      
       fputs.c.obj                  276     0         0      
       fd_cmp_t2.asm.obj            268     0         0      
       ctype.c.obj                  0       257       0      
       fd_mul_t2.asm.obj            252     0         0      
       setvbuf.c.obj                220     0         0      
       s_scalbn.c.obj               208     0         0      
       host_device.c.obj            0       0         200    
       open.c.obj                   188     0         4      
       fclose.c.obj                 160     0         0      
       memcpy_t2.asm.obj            156     0         0      
       ull_div_t2.asm.obj           150     0         0      
       fputc.c.obj                  140     0         0      
       vsnprintf.c.obj              136     0         0      
       memset_t2.asm.obj            122     0         0      
       getdevice.c.obj              116     0         0      
       printf.c.obj                 112     0         0      
       fprintf.c.obj                108     0         0      
       copy_decompress_lzss.c.obj   104     0         0      
       hostlseek.c.obj              104     0         0      
       hostopen.c.obj               96      0         8      
       hostrename.c.obj             104     0         0      
       fseek.c.obj                  100     0         0      
       _io_perm.c.obj               98      0         0      
       close.c.obj                  92      0         0      
       s_frexp.c.obj                92      0         0      
       exit.c.obj                   76      0         12     
       hostread.c.obj               88      0         0      
       hostwrite.c.obj              88      0         0      
       ltoa.c.obj                   84      0         0      
       atoi.c.obj                   76      0         0      
       fflush.c.obj                 76      0         0      
       fd_toi_t2.asm.obj            72      0         0      
       autoinit.c.obj               68      0         0      
       hostclose.c.obj              68      0         0      
       hostunlink.c.obj             68      0         0      
       strncpy.c.obj                54      0         0      
       i_tofd_t2.asm.obj            46      0         0      
       unlink.c.obj                 44      0         0      
       lseek.c.obj                  40      0         0      
       write.c.obj                  40      0         0      
       boot_cortex_m.c.obj          36      0         0      
       memmov.c.obj                 36      0         0      
       memchr.c.obj                 32      0         0      
       u_tofd_t2.asm.obj            32      0         0      
       strcat.c.obj                 30      0         0      
       memccpy.c.obj                28      0         0      
       strcmp.c.obj                 24      0         0      
       strchr.c.obj                 22      0         0      
       strcpy.c.obj                 20      0         0      
       strlen.c.obj                 20      0         0      
       wcslen.c.obj                 18      0         0      
       copy_decompress_none.c.obj   14      0         0      
       copy_zero_init.c.obj         12      0         0      
       errno.c.obj                  8       0         4      
       s_copysign.c.obj             12      0         0      
       _lock.c.obj                  2       0         8      
       pre_init.c.obj               4       0         0      
       div0.asm.obj                 2       0         0      
    +--+----------------------------+-------+---------+---------+
       Total:                       11801   257       952    
                                                             
       Heap:                        0       0         2048   
       Stack:                       0       0         2048   
       Linker Generated:            0       177       0      
    +--+----------------------------+-------+---------+---------+
       Grand Total:                 20421   2202      21500  


LINKER GENERATED COPY TABLES

__TI_cinit_table @ 20009878 records: 2, size/record: 8, table size: 16
	.data: load addr=200097d0, load size=0000008d bytes, run addr=2001b9e8, run size=00000218 bytes, compression=lzss
	.bss: load addr=20009870, load size=00000008 bytes, run addr=20017000, run size=000041e4 bytes, compression=zero_init


LINKER GENERATED HANDLER TABLE

__TI_handler_table @ 20009860 records: 3, size/record: 4, table size: 12
	index: 0, handler: __TI_decompress_lzss
	index: 1, handler: __TI_decompress_none
	index: 2, handler: __TI_zero_init


GLOBAL SYMBOLS: SORTED ALPHABETICALLY BY Name 

address   name                           
-------   ----                           
200093db  C$$EXIT                        
20008d33  C$$IO$$                        
200092fb  CPUcpsie                       
200061c1  ClearTerm                      
200061cb  Error                          
20006203  GetCmd                         
20008ab5  HOSTclose                      
200082e5  HOSTlseek                      
20008619  HOSTopen                       
20008731  HOSTread                       
2000834d  HOSTrename                     
20008af9  HOSTunlink                     
20008789  HOSTwrite                      
20006181  InitTerm                       
20007a51  IntDisable                     
20007af9  IntEnable                      
200093a5  IntMasterEnable                
20008891  IntPrioritySet                 
200090a5  IntRegister                    
20009015  IntUnregister                  
20009311  IntVTableBaseSet               
20004493  MasterMain                     
2000619f  Message                        
20006b85  PRCMCC3200MCUInit              
200092b9  PRCMHIBRegRead                 
200092cf  PRCMHIBRegWrite                
20008f75  PRCMPeripheralClkDisable       
20008cc9  PRCMPeripheralClkEnable        
20007d71  PRCMPeripheralClockGet         
200087e1  PRCMPeripheralReset            
20008e9d  PRCMSysResetCauseGet           
20007e91  PinConfigSet                   
20008c09  PinModeSet                     
2000773d  PinMuxConfig                   
2000920d  PinTypeSPI                     
20009227  PinTypeUART                    
20006341  Report                         
2000937f  ResetISR                       
200060c7  SPICSDisable                   
200060af  SPICSEnable                    
20005d49  SPIConfigSetExpClk             
20005e0b  SPIDataGet                     
20005de1  SPIDataGetNonBlocking          
20005e53  SPIDataPut                     
20005e2b  SPIDataPutNonBlocking          
20005cdb  SPIDisable                     
20005d0d  SPIDmaDisable                  
20005cf3  SPIDmaEnable                   
20005cc3  SPIEnable                      
20005e8b  SPIFIFODisable                 
20005e71  SPIFIFOEnable                  
20005ed9  SPIFIFOLevelGet                
20005ea5  SPIFIFOLevelSet                
20006071  SPIIntClear                    
20005fb3  SPIIntDisable                  
20005f6f  SPIIntEnable                   
20005f2f  SPIIntRegister                 
20005ffd  SPIIntStatus                   
20005f55  SPIIntUnregister               
20005d27  SPIReset                       
200060df  SPITransfer                    
20005f0d  SPIWordCountSet                
200044ef  SlaveMain                      
20008b3d  TimerConfigure                 
20009105  TimerDisable                   
20009123  TimerEnable                    
2000934d  TimerIntClear                  
20009241  TimerIntDisable                
20009259  TimerIntEnable                 
20008205  TimerIntRegister               
20009141  TimerIntStatus                 
200083b5  TimerIntUnregister             
20008f21  TimerLoadSet                   
20008f4b  TimerPrescaleSet               
2000919b  TimerValueGet                  
20006b33  Timer_IF_DeInit                
20006b65  Timer_IF_GetCount              
20006a6d  Timer_IF_Init                  
20006a9f  Timer_IF_IntSetup              
20006aeb  Timer_IF_InterruptClear        
20006b4d  Timer_IF_ReLoad                
20006b03  Timer_IF_Start                 
20006b23  Timer_IF_Stop                  
200062a9  TrimSpace                      
200091b7  UARTCharGetNonBlocking         
2000915f  UARTCharPut                    
20009271  UARTCharsAvail                 
2000811b  UARTConfigSetExpClk            
20008ddd  UARTDisable                    
20009039  UARTEnable                     
200093c1  UtilsDelay                     
2001ae80  __CIOBUF_                      
20030000  __STACK_END                    
00000800  __STACK_SIZE                   
00000800  __SYSMEM_SIZE                  
20009878  __TI_CINIT_Base                
20009888  __TI_CINIT_Limit               
20009860  __TI_Handler_Table_Base        
2000986c  __TI_Handler_Table_Limit       
20008b81  __TI_auto_init_nobinit_nopinit 
20008d75  __TI_cleanup                   
2001bbd8  __TI_cleanup_ptr               
20008191  __TI_closefile                 
2000841d  __TI_decompress_lzss           
20009371  __TI_decompress_none           
2000898b  __TI_doflush                   
2001bbdc  __TI_dtors_ptr                 
2001bbe0  __TI_enable_exit_profile_output
2001bbc8  __TI_ft_end                    
ffffffff  __TI_pprof_out_hndl            
20004f9d  __TI_printfi                   
ffffffff  __TI_prof_data_size            
ffffffff  __TI_prof_data_start           
20008da9  __TI_readmsg                   
200097d0  __TI_static_base__             
2001b130  __TI_tmpnams                   
20008d05  __TI_writemsg                  
200085b5  __TI_wrt_ok                    
20009399  __TI_zero_init                 
20007f19  __aeabi_cdcmpeq                
20007f19  __aeabi_cdcmple                
20007f9f  __aeabi_cdrcmple               
20008a6d  __aeabi_d2iz                   
2000683f  __aeabi_dadd                   
20006e39  __aeabi_ddiv                   
200072b1  __aeabi_dmul                   
20006835  __aeabi_dsub                   
200093b1  __aeabi_errno_addr             
20008e6d  __aeabi_i2d                    
20006f6f  __aeabi_idiv0                  
20006f6f  __aeabi_ldiv0                  
200080a1  __aeabi_memclr                 
200080a1  __aeabi_memclr4                
200080a1  __aeabi_memclr8                
20007c3d  __aeabi_memcpy                 
20007c3d  __aeabi_memcpy4                
20007c3d  __aeabi_memcpy8                
200080a3  __aeabi_memset                 
200080a3  __aeabi_memset4                
200080a3  __aeabi_memset8                
2001bbd4  __aeabi_stderr                 
2001bbcc  __aeabi_stdin                  
2001bbd0  __aeabi_stdout                 
200090e5  __aeabi_ui2d                   
20007cd9  __aeabi_uldivmod               
ffffffff  __binit__                      
ffffffff  __c_args__                     
UNDEFED   __mpu_init                     
2002f800  __stack                        
2000905d  _c_int00_noargs                
200093e0  _ctypes_                       
2001bad8  _device                        
2001b9e8  _ftable                        
2001bbe4  _lock                          
200069eb  _nop                           
2001bb50  _stream                        
2001b1e8  _sys_memory                    
UNDEFED   _system_post_cinit             
200093d7  _system_pre_init               
2001bbe8  _unlock                        
200093db  abort                          
200073ad  aligned_alloc                  
200089d9  atoi                           
ffffffff  binit                          
20008679  close                          
2001bba0  coeffs                         
2000938d  copysign                       
2000938d  copysignl                      
2001bbf4  errno                          
20008a25  exit                           
20004649  exportToCSV                    
20008ec9  fclose                         
200046cd  findMax                        
200047ed  findMin                        
20008e3d  finddevice                     
20004571  firFloat                       
20004561  firFloatInit                   
20007ba1  fopen                          
200084ed  fprintf                        
20007e05  fputc                          
20007091  fputs                          
200074a1  free                           
200086d5  frexp                          
200086d5  frexpl                         
20008551  fseek                          
20004000  g_pfnVectors                   
20008bc5  getdevice                      
20017000  insamp                         
20007811  ldexp                          
20007811  ldexpl                         
20008fc5  lseek                          
200088e5  ltoa                           
200048c5  main                           
200093b9  malloc                         
200073ad  memalign                       
200091f1  memccpy                        
200090c5  memchr                         
20007c3d  memcpy                         
20009081  memmove                        
200080a9  memset                         
200078e1  open                           
2001b1d8  parmbuf                        
20008485  printf                         
20007e05  putc                           
20007665  realloc                        
20008ef5  remove                         
20007811  scalbn                         
20007811  scalbnl                        
20007589  setvbuf                        
2000917d  strcat                         
200092e5  strchr                         
200092a1  strcmp                         
20009325  strcpy                         
20009339  strlen                         
20008d3d  strncpy                        
20008ef5  unlink                         
20008c49  vsnprintf                      
2000935f  wcslen                         
20008fed  write                          


GLOBAL SYMBOLS: SORTED BY Symbol Address 

address   name                           
-------   ----                           
00000800  __STACK_SIZE                   
00000800  __SYSMEM_SIZE                  
20004000  g_pfnVectors                   
20004493  MasterMain                     
200044ef  SlaveMain                      
20004561  firFloatInit                   
20004571  firFloat                       
20004649  exportToCSV                    
200046cd  findMax                        
200047ed  findMin                        
200048c5  main                           
20004f9d  __TI_printfi                   
20005cc3  SPIEnable                      
20005cdb  SPIDisable                     
20005cf3  SPIDmaEnable                   
20005d0d  SPIDmaDisable                  
20005d27  SPIReset                       
20005d49  SPIConfigSetExpClk             
20005de1  SPIDataGetNonBlocking          
20005e0b  SPIDataGet                     
20005e2b  SPIDataPutNonBlocking          
20005e53  SPIDataPut                     
20005e71  SPIFIFOEnable                  
20005e8b  SPIFIFODisable                 
20005ea5  SPIFIFOLevelSet                
20005ed9  SPIFIFOLevelGet                
20005f0d  SPIWordCountSet                
20005f2f  SPIIntRegister                 
20005f55  SPIIntUnregister               
20005f6f  SPIIntEnable                   
20005fb3  SPIIntDisable                  
20005ffd  SPIIntStatus                   
20006071  SPIIntClear                    
200060af  SPICSEnable                    
200060c7  SPICSDisable                   
200060df  SPITransfer                    
20006181  InitTerm                       
2000619f  Message                        
200061c1  ClearTerm                      
200061cb  Error                          
20006203  GetCmd                         
200062a9  TrimSpace                      
20006341  Report                         
20006835  __aeabi_dsub                   
2000683f  __aeabi_dadd                   
200069eb  _nop                           
20006a6d  Timer_IF_Init                  
20006a9f  Timer_IF_IntSetup              
20006aeb  Timer_IF_InterruptClear        
20006b03  Timer_IF_Start                 
20006b23  Timer_IF_Stop                  
20006b33  Timer_IF_DeInit                
20006b4d  Timer_IF_ReLoad                
20006b65  Timer_IF_GetCount              
20006b85  PRCMCC3200MCUInit              
20006e39  __aeabi_ddiv                   
20006f6f  __aeabi_idiv0                  
20006f6f  __aeabi_ldiv0                  
20007091  fputs                          
200072b1  __aeabi_dmul                   
200073ad  aligned_alloc                  
200073ad  memalign                       
200074a1  free                           
20007589  setvbuf                        
20007665  realloc                        
2000773d  PinMuxConfig                   
20007811  ldexp                          
20007811  ldexpl                         
20007811  scalbn                         
20007811  scalbnl                        
200078e1  open                           
20007a51  IntDisable                     
20007af9  IntEnable                      
20007ba1  fopen                          
20007c3d  __aeabi_memcpy                 
20007c3d  __aeabi_memcpy4                
20007c3d  __aeabi_memcpy8                
20007c3d  memcpy                         
20007cd9  __aeabi_uldivmod               
20007d71  PRCMPeripheralClockGet         
20007e05  fputc                          
20007e05  putc                           
20007e91  PinConfigSet                   
20007f19  __aeabi_cdcmpeq                
20007f19  __aeabi_cdcmple                
20007f9f  __aeabi_cdrcmple               
200080a1  __aeabi_memclr                 
200080a1  __aeabi_memclr4                
200080a1  __aeabi_memclr8                
200080a3  __aeabi_memset                 
200080a3  __aeabi_memset4                
200080a3  __aeabi_memset8                
200080a9  memset                         
2000811b  UARTConfigSetExpClk            
20008191  __TI_closefile                 
20008205  TimerIntRegister               
200082e5  HOSTlseek                      
2000834d  HOSTrename                     
200083b5  TimerIntUnregister             
2000841d  __TI_decompress_lzss           
20008485  printf                         
200084ed  fprintf                        
20008551  fseek                          
200085b5  __TI_wrt_ok                    
20008619  HOSTopen                       
20008679  close                          
200086d5  frexp                          
200086d5  frexpl                         
20008731  HOSTread                       
20008789  HOSTwrite                      
200087e1  PRCMPeripheralReset            
20008891  IntPrioritySet                 
200088e5  ltoa                           
2000898b  __TI_doflush                   
200089d9  atoi                           
20008a25  exit                           
20008a6d  __aeabi_d2iz                   
20008ab5  HOSTclose                      
20008af9  HOSTunlink                     
20008b3d  TimerConfigure                 
20008b81  __TI_auto_init_nobinit_nopinit 
20008bc5  getdevice                      
20008c09  PinModeSet                     
20008c49  vsnprintf                      
20008cc9  PRCMPeripheralClkEnable        
20008d05  __TI_writemsg                  
20008d33  C$$IO$$                        
20008d3d  strncpy                        
20008d75  __TI_cleanup                   
20008da9  __TI_readmsg                   
20008ddd  UARTDisable                    
20008e3d  finddevice                     
20008e6d  __aeabi_i2d                    
20008e9d  PRCMSysResetCauseGet           
20008ec9  fclose                         
20008ef5  remove                         
20008ef5  unlink                         
20008f21  TimerLoadSet                   
20008f4b  TimerPrescaleSet               
20008f75  PRCMPeripheralClkDisable       
20008fc5  lseek                          
20008fed  write                          
20009015  IntUnregister                  
20009039  UARTEnable                     
2000905d  _c_int00_noargs                
20009081  memmove                        
200090a5  IntRegister                    
200090c5  memchr                         
200090e5  __aeabi_ui2d                   
20009105  TimerDisable                   
20009123  TimerEnable                    
20009141  TimerIntStatus                 
2000915f  UARTCharPut                    
2000917d  strcat                         
2000919b  TimerValueGet                  
200091b7  UARTCharGetNonBlocking         
200091f1  memccpy                        
2000920d  PinTypeSPI                     
20009227  PinTypeUART                    
20009241  TimerIntDisable                
20009259  TimerIntEnable                 
20009271  UARTCharsAvail                 
200092a1  strcmp                         
200092b9  PRCMHIBRegRead                 
200092cf  PRCMHIBRegWrite                
200092e5  strchr                         
200092fb  CPUcpsie                       
20009311  IntVTableBaseSet               
20009325  strcpy                         
20009339  strlen                         
2000934d  TimerIntClear                  
2000935f  wcslen                         
20009371  __TI_decompress_none           
2000937f  ResetISR                       
2000938d  copysign                       
2000938d  copysignl                      
20009399  __TI_zero_init                 
200093a5  IntMasterEnable                
200093b1  __aeabi_errno_addr             
200093b9  malloc                         
200093c1  UtilsDelay                     
200093d7  _system_pre_init               
200093db  C$$EXIT                        
200093db  abort                          
200093e0  _ctypes_                       
200097d0  __TI_static_base__             
20009860  __TI_Handler_Table_Base        
2000986c  __TI_Handler_Table_Limit       
20009878  __TI_CINIT_Base                
20009888  __TI_CINIT_Limit               
20017000  insamp                         
2001ae80  __CIOBUF_                      
2001b130  __TI_tmpnams                   
2001b1d8  parmbuf                        
2001b1e8  _sys_memory                    
2001b9e8  _ftable                        
2001bad8  _device                        
2001bb50  _stream                        
2001bba0  coeffs                         
2001bbc8  __TI_ft_end                    
2001bbcc  __aeabi_stdin                  
2001bbd0  __aeabi_stdout                 
2001bbd4  __aeabi_stderr                 
2001bbd8  __TI_cleanup_ptr               
2001bbdc  __TI_dtors_ptr                 
2001bbe0  __TI_enable_exit_profile_output
2001bbe4  _lock                          
2001bbe8  _unlock                        
2001bbf4  errno                          
2002f800  __stack                        
20030000  __STACK_END                    
ffffffff  __TI_pprof_out_hndl            
ffffffff  __TI_prof_data_size            
ffffffff  __TI_prof_data_start           
ffffffff  __binit__                      
ffffffff  __c_args__                     
ffffffff  binit                          
UNDEFED   __mpu_init                     
UNDEFED   _system_post_cinit             

[219 symbols]
