******************************************************************************
                  TI ARM Linker PC v18.12.2                    
******************************************************************************
>> Linked Thu Oct 10 17:44:13 2019

OUTPUT FILE NAME:   <spi_demo.out>
ENTRY POINT SYMBOL: "_c_int00_noargs"  address: 20007515


MEMORY CONFIGURATION

         name            origin    length      used     unused   attr    fill
----------------------  --------  ---------  --------  --------  ----  --------
  SRAM_CODE             20004000   00013000  00003b66  0000f49a  RW X
  SRAM_DATA             20017000   00019000  000010e2  00017f1e  RW X


SEGMENT ALLOCATION MAP

run origin  load origin   length   init length attrs members
----------  ----------- ---------- ----------- ----- -------
20004000    20004000    00003b68   00003b68    r-x
  20004000    20004000    00000400   00000400    r-- .intvecs
  20004400    20004400    0000342e   0000342e    r-x .text
  20007830    20007830    00000300   00000300    r-- .const
  20007b30    20007b30    00000038   00000038    r-- .cinit
20017000    20017000    000008e4   00000000    rw-
  20017000    20017000    00000800   00000000    rw- .sysmem
  20017800    20017800    000000ce   00000000    rw- .bss
  200178d0    200178d0    00000014   00000000    rw- .data
2002f800    2002f800    00000800   00000000    rw-
  2002f800    2002f800    00000800   00000000    rw- .stack


SECTION ALLOCATION MAP

 output                                  attributes/
section   page    origin      length       input sections
--------  ----  ----------  ----------   ----------------
.intvecs   0    20004000    00000400     
                  20004000    00000400     startup_ccs.obj (.intvecs)

.init_array 
*          0    20004000    00000000     UNINITIALIZED

.text      0    20004400    0000342e     
                  20004400    00000a4e     rtsv7M4_T_le_eabi.lib : _printfi.c.obj (.text:__TI_printfi)
                  20004e4e    00000002                           : _lock.c.obj (.text:_nop)
                  20004e50    0000038c     main.obj (.text)
                  200051dc    00000280     uart_if.obj (.text)
                  2000545c    00000268     rtsv7M4_T_le_eabi.lib : _printfi.c.obj (.text:_pconv_a)
                  200056c4    000001cc                           : _printfi.c.obj (.text:_pconv_g)
                  20005890    000001b6                           : fd_add_t2.asm.obj (.text)
                  20005a46    00000002                           : div0.asm.obj (.text)
                  20005a48    00000178     driverlib.a : prcm.obj (.text:PRCMCC3200MCUInit)
                  20005bc0    0000013c     rtsv7M4_T_le_eabi.lib : _printfi.c.obj (.text:_pconv_e)
                  20005cfc    00000136                           : fd_div_t2.asm.obj (.text)
                  20005e32    00000002     --HOLE-- [fill = 0]
                  20005e34    00000120                           : _printfi.c.obj (.text:fcvt)
                  20005f54    000000fc                           : fd_mul_t2.asm.obj (.text)
                  20006050    000000f4                           : memory.c.obj (.text:aligned_alloc)
                  20006144    000000e8                           : memory.c.obj (.text:free)
                  2000622c    000000d8                           : memory.c.obj (.text:realloc)
                  20006304    000000d0     driverlib.a : spi.obj (.text:SPITransfer32)
                  200063d4    000000d0     rtsv7M4_T_le_eabi.lib : s_scalbn.c.obj (.text:scalbn)
                  200064a4    000000ce     driverlib.a : spi.obj (.text:SPITransfer16)
                  20006572    000000b8                 : spi.obj (.text:SPITransfer8)
                  2000662a    00000002     --HOLE-- [fill = 0]
                  2000662c    000000b1     rtsv7M4_T_le_eabi.lib : _printfi.c.obj (.text:_ltostr)
                  200066dd    00000003     --HOLE-- [fill = 0]
                  200066e0    000000a8     driverlib.a : interrupt.obj (.text:IntEnable)
                  20006788    000000a0                 : spi.obj (.text:SPIConfigSetExpClk)
                  20006828    0000009c     rtsv7M4_T_le_eabi.lib : memcpy_t2.asm.obj (.text)
                  200068c4    00000096                           : ull_div_t2.asm.obj (.text)
                  2000695a    00000002     --HOLE-- [fill = 0]
                  2000695c    00000094     driverlib.a : prcm.obj (.text:PRCMPeripheralClockGet)
                  200069f0    00000088                 : pin.obj (.text:PinConfigSet)
                  20006a78    00000088                 : spi.obj (.text:SPITransfer)
                  20006b00    00000086     rtsv7M4_T_le_eabi.lib : fd_cmp_t2.asm.obj (.text:__aeabi_cdcmple)
                  20006b86    00000086                           : fd_cmp_t2.asm.obj (.text:__aeabi_cdrcmple)
                  20006c0c    0000007c     driverlib.a : spi.obj (.text:SPIIntStatus)
                  20006c88    0000007c     rtsv7M4_T_le_eabi.lib : memory.c.obj (.text:split)
                  20006d04    0000007a                           : memset_t2.asm.obj (.text)
                  20006d7e    00000076     driverlib.a : uart.obj (.text:UARTConfigSetExpClk)
                  20006df4    0000006e     rtsv7M4_T_le_eabi.lib : _printfi.c.obj (.text:_mcpy)
                  20006e62    00000068                           : copy_decompress_lzss.c.obj (.text:decompress:lzss:__TI_decompress_lzss)
                  20006eca    00000002     --HOLE-- [fill = 0]
                  20006ecc    0000005c                           : s_frexp.c.obj (.text:frexp)
                  20006f28    00000058     driverlib.a : prcm.obj (.text:PRCMPeripheralReset)
                  20006f80    00000056     rtsv7M4_T_le_eabi.lib : _printfi.c.obj (.text:_pconv_f)
                  20006fd6    00000054                           : ltoa.c.obj (.text:ltoa)
                  2000702a    00000052                           : _printfi.c.obj (.text:_ecpy)
                  2000707c    0000004c     driverlib.a : spi.obj (.text:SPIIntEnable)
                  200070c8    0000004c                 : spi.obj (.text:SPIIntNumberGet)
                  20007114    0000004c     rtsv7M4_T_le_eabi.lib : atoi.c.obj (.text:atoi)
                  20007160    00000048     driverlib.a : spi.obj (.text:SPIIntClear)
                  200071a8    00000048     rtsv7M4_T_le_eabi.lib : fd_toi_t2.asm.obj (.text)
                  200071f0    00000044     driverlib.a : spi.obj (.text:SPIDmaMaskGet)
                  20007234    00000044     rtsv7M4_T_le_eabi.lib : autoinit.c.obj (.text:__TI_auto_init_nobinit_nopinit:__TI_auto_init_nobinit_nopinit)
                  20007278    00000044     pinmux.obj (.text)
                  200072bc    00000040     driverlib.a : pin.obj (.text:PinModeSet)
                  200072fc    00000040     rtsv7M4_T_le_eabi.lib : vsnprintf.c.obj (.text:vsnprintf)
                  2000733c    0000003e                           : _printfi.c.obj (.text:_fcpy)
                  2000737a    00000002     --HOLE-- [fill = 0]
                  2000737c    0000003c     driverlib.a : prcm.obj (.text:PRCMPeripheralClkEnable)
                  200073b8    00000030                 : uart.obj (.text:UARTDisable)
                  200073e8    00000030     rtsv7M4_T_le_eabi.lib : vsnprintf.c.obj (.text:_outs)
                  20007418    0000002e                           : i_tofd_t2.asm.obj (.text)
                  20007446    00000002     --HOLE-- [fill = 0]
                  20007448    0000002c     driverlib.a : prcm.obj (.text:PRCMSysResetCauseGet)
                  20007474    0000002a                 : spi.obj (.text:SPIDataGetNonBlocking)
                  2000749e    00000002     --HOLE-- [fill = 0]
                  200074a0    00000028                 : prcm.obj (.text:PRCMPeripheralClkDisable)
                  200074c8    00000028     rtsv7M4_T_le_eabi.lib : memory.c.obj (.text:free_list_insert)
                  200074f0    00000024     driverlib.a : uart.obj (.text:UARTEnable)
                  20007514    00000024     rtsv7M4_T_le_eabi.lib : boot_cortex_m.c.obj (.text:_c_int00_noargs:_c_int00_noargs)
                  20007538    00000024                           : memmov.c.obj (.text:memmove)
                  2000755c    00000022     driverlib.a : spi.obj (.text:SPIReset)
                  2000757e    00000002     --HOLE-- [fill = 0]
                  20007580    00000020                 : interrupt.obj (.text:IntRegister)
                  200075a0    00000020                 : spi.obj (.text:SPIDataGet)
                  200075c0    0000001e                 : spi.obj (.text:SPIDataPut)
                  200075de    0000001e                 : spi.obj (.text:SPIIntRegister)
                  200075fc    0000001e                 : uart.obj (.text:UARTCharPut)
                  2000761a    0000001c                 : uart.obj (.text:UARTCharGetNonBlocking)
                  20007636    0000001c     rtsv7M4_T_le_eabi.lib : copy_zero_init.c.obj (.text:decompress:ZI:__TI_zero_init_nomemset:__TI_zero_init_nomemset)
                  20007652    00000002     --HOLE-- [fill = 0]
                  20007654    0000001c                           : memory.c.obj (.text:free_list_remove)
                  20007670    0000001c                           : memccpy.c.obj (.text:memccpy)
                  2000768c    0000001a     driverlib.a : pin.obj (.text:PinTypeSPI)
                  200076a6    0000001a                 : pin.obj (.text:PinTypeUART)
                  200076c0    00000018                 : spi.obj (.text:SPICSDisable)
                  200076d8    00000018                 : spi.obj (.text:SPICSEnable)
                  200076f0    00000018                 : spi.obj (.text:SPIEnable)
                  20007708    00000018                 : uart.obj (.text:UARTCharsAvail)
                  20007720    00000018     rtsv7M4_T_le_eabi.lib : vsnprintf.c.obj (.text:_outc)
                  20007738    00000016     driverlib.a : prcm.obj (.text:PRCMHIBRegRead)
                  2000774e    00000016                 : prcm.obj (.text:PRCMHIBRegWrite)
                  20007764    00000016                 : uart.obj (.text:UARTCharGet)
                  2000777a    00000016     rtsv7M4_T_le_eabi.lib : strchr.c.obj (.text:strchr)
                  20007790    00000014     driverlib.a : cpu.obj (.text:CPUcpsie)
                  200077a4    00000014                 : interrupt.obj (.text:IntVTableBaseSet)
                  200077b8    00000014     rtsv7M4_T_le_eabi.lib : strlen.c.obj (.text:strlen)
                  200077cc    00000012                           : wcslen.c.obj (.text:wcslen)
                  200077de    0000000e                           : copy_decompress_none.c.obj (.text:decompress:none:__TI_decompress_none)
                  200077ec    0000000e     startup_ccs.obj (.text)
                  200077fa    0000000c     rtsv7M4_T_le_eabi.lib : s_copysign.c.obj (.text:copysign)
                  20007806    0000000a     driverlib.a : interrupt.obj (.text:IntMasterEnable)
                  20007810    00000008     rtsv7M4_T_le_eabi.lib : errno.c.obj (.text:__aeabi_errno_addr)
                  20007818    00000008                           : memory.c.obj (.text:malloc)
                  20007820    00000006     driverlib.a : utils.obj (.text:UtilsDelay)
                  20007826    00000004     rtsv7M4_T_le_eabi.lib : pre_init.c.obj (.text:_system_pre_init)
                  2000782a    00000004                           : exit.c.obj (.text:abort:abort)

.const     0    20007830    00000300     
                  20007830    00000101     rtsv7M4_T_le_eabi.lib : ctype.c.obj (.const:.string:_ctypes_)
                  20007931    00000003     --HOLE-- [fill = 0]
                  20007934    00000100     driverlib.a : pin.obj (.const:g_ulPinToPadMap)
                  20007a34    000000a8                 : prcm.obj (.const:PRCM_PeriphRegsList)
                  20007adc    00000024                 : spi.obj (.const:g_ppulSPIIntMap)
                  20007b00    00000018                 : interrupt.obj (.const:g_pulEnRegs)
                  20007b18    00000018                 : spi.obj (.const:g_ulSPIDmaMaskMap)

.cinit     0    20007b30    00000038     
                  20007b30    0000000d     (.cinit..data.load) [load image, compression = lzss]
                  20007b3d    00000003     --HOLE-- [fill = 0]
                  20007b40    0000000c     (__TI_handler_table)
                  20007b4c    00000004     --HOLE-- [fill = 0]
                  20007b50    00000008     (.cinit..bss.load) [load image, compression = zero_init]
                  20007b58    00000010     (__TI_cinit_table)

.sysmem    0    20017000    00000800     UNINITIALIZED
                  20017000    00000010     rtsv7M4_T_le_eabi.lib : memory.c.obj (.sysmem)
                  20017010    000007f0     --HOLE--

.bss       0    20017800    000000ce     UNINITIALIZED
                  20017800    00000064     main.obj (.bss:g_ucRxBuff)
                  20017864    00000064     main.obj (.bss:g_ucTxBuff)
                  200178c8    00000004     uart_if.obj (.bss)
                  200178cc    00000002     main.obj (.bss)

.data      0    200178d0    00000014     UNINITIALIZED
                  200178d0    00000008     rtsv7M4_T_le_eabi.lib : _lock.c.obj (.data:$O1$$)
                  200178d8    00000008                           : memory.c.obj (.data:$O1$$)
                  200178e0    00000004                           : errno.c.obj (.data)

.stack     0    2002f800    00000800     UNINITIALIZED
                  2002f800    00000004     rtsv7M4_T_le_eabi.lib : boot_cortex_m.c.obj (.stack)
                  2002f804    000007fc     --HOLE--

MODULE SUMMARY

       Module                       code    ro data   rw data
       ------                       ----    -------   -------
    .\
       main.obj                     908     0         202    
       startup_ccs.obj              14      1024      0      
       uart_if.obj                  640     0         4      
       pinmux.obj                   68      0         0      
    +--+----------------------------+-------+---------+---------+
       Total:                       1630    1024      206    
                                                             
    C:/ti/CC3200SDK_1.4.0/cc3200-sdk/driverlib/ccs/Release/driverlib.a
       spi.obj                      1550    60        0      
       prcm.obj                     800     168       0      
       pin.obj                      252     256       0      
       uart.obj                     306     0         0      
       interrupt.obj                230     24        0      
       cpu.obj                      20      0         0      
       utils.obj                    6       0         0      
    +--+----------------------------+-------+---------+---------+
       Total:                       3164    508       0      
                                                             
    C:\ti\ccs910\ccs\tools\compiler\ti-cgt-arm_18.12.2.LTS\lib\rtsv7M4_T_le_eabi.lib
       _printfi.c.obj               4835    0         0      
       memory.c.obj                 892     0         8      
       fd_add_t2.asm.obj            438     0         0      
       fd_div_t2.asm.obj            310     0         0      
       fd_cmp_t2.asm.obj            268     0         0      
       ctype.c.obj                  0       257       0      
       fd_mul_t2.asm.obj            252     0         0      
       s_scalbn.c.obj               208     0         0      
       memcpy_t2.asm.obj            156     0         0      
       ull_div_t2.asm.obj           150     0         0      
       vsnprintf.c.obj              136     0         0      
       memset_t2.asm.obj            122     0         0      
       copy_decompress_lzss.c.obj   104     0         0      
       s_frexp.c.obj                92      0         0      
       ltoa.c.obj                   84      0         0      
       atoi.c.obj                   76      0         0      
       fd_toi_t2.asm.obj            72      0         0      
       autoinit.c.obj               68      0         0      
       i_tofd_t2.asm.obj            46      0         0      
       boot_cortex_m.c.obj          36      0         0      
       memmov.c.obj                 36      0         0      
       copy_zero_init.c.obj         28      0         0      
       memccpy.c.obj                28      0         0      
       strchr.c.obj                 22      0         0      
       strlen.c.obj                 20      0         0      
       wcslen.c.obj                 18      0         0      
       copy_decompress_none.c.obj   14      0         0      
       errno.c.obj                  8       0         4      
       s_copysign.c.obj             12      0         0      
       _lock.c.obj                  2       0         8      
       exit.c.obj                   4       0         0      
       pre_init.c.obj               4       0         0      
       div0.asm.obj                 2       0         0      
    +--+----------------------------+-------+---------+---------+
       Total:                       8543    257       20     
                                                             
       Heap:                        0       0         2048   
       Stack:                       0       0         2048   
       Linker Generated:            0       49        0      
    +--+----------------------------+-------+---------+---------+
       Grand Total:                 13337   1838      4322   


LINKER GENERATED COPY TABLES

__TI_cinit_table @ 20007b58 records: 2, size/record: 8, table size: 16
	.data: load addr=20007b30, load size=0000000d bytes, run addr=200178d0, run size=00000014 bytes, compression=lzss
	.bss: load addr=20007b50, load size=00000008 bytes, run addr=20017800, run size=000000ce bytes, compression=zero_init


LINKER GENERATED HANDLER TABLE

__TI_handler_table @ 20007b40 records: 3, size/record: 4, table size: 12
	index: 0, handler: __TI_decompress_lzss
	index: 1, handler: __TI_decompress_none
	index: 2, handler: __TI_zero_init


GLOBAL SYMBOLS: SORTED ALPHABETICALLY BY Name 

address   name                          
-------   ----                          
2000782b  C$$EXIT                       
20007791  CPUcpsie                      
2000521d  ClearTerm                     
20005227  Error                         
2000525f  GetCmd                        
200051dd  InitTerm                      
200066e1  IntEnable                     
20007807  IntMasterEnable               
20007581  IntRegister                   
200077a5  IntVTableBaseSet              
20004ec1  MasterMain                    
200051fb  Message                       
20005a49  PRCMCC3200MCUInit             
20007739  PRCMHIBRegRead                
2000774f  PRCMHIBRegWrite               
200074a1  PRCMPeripheralClkDisable      
2000737d  PRCMPeripheralClkEnable       
2000695d  PRCMPeripheralClockGet        
20006f29  PRCMPeripheralReset           
20007449  PRCMSysResetCauseGet          
200069f1  PinConfigSet                  
200072bd  PinModeSet                    
20007279  PinMuxConfig                  
2000768d  PinTypeSPI                    
200076a7  PinTypeUART                   
2000539d  Report                        
200077ed  ResetISR                      
200076c1  SPICSDisable                  
200076d9  SPICSEnable                   
20006789  SPIConfigSetExpClk            
200075a1  SPIDataGet                    
20007475  SPIDataGetNonBlocking         
200075c1  SPIDataPut                    
200076f1  SPIEnable                     
20007161  SPIIntClear                   
2000707d  SPIIntEnable                  
200075df  SPIIntRegister                
20006c0d  SPIIntStatus                  
2000755d  SPIReset                      
20006a79  SPITransfer                   
20004f7f  SlaveMain                     
20005305  TrimSpace                     
20007765  UARTCharGet                   
2000761b  UARTCharGetNonBlocking        
200075fd  UARTCharPut                   
20007709  UARTCharsAvail                
20006d7f  UARTConfigSetExpClk           
200073b9  UARTDisable                   
200074f1  UARTEnable                    
20007821  UtilsDelay                    
20030000  __STACK_END                   
00000800  __STACK_SIZE                  
00000800  __SYSMEM_SIZE                 
20007b58  __TI_CINIT_Base               
20007b68  __TI_CINIT_Limit              
20007b40  __TI_Handler_Table_Base       
20007b4c  __TI_Handler_Table_Limit      
20007235  __TI_auto_init_nobinit_nopinit
20006e63  __TI_decompress_lzss          
200077df  __TI_decompress_none          
ffffffff  __TI_pprof_out_hndl           
20004401  __TI_printfi                  
ffffffff  __TI_prof_data_size           
ffffffff  __TI_prof_data_start          
20007b30  __TI_static_base__            
20007637  __TI_zero_init_nomemset       
20006b01  __aeabi_cdcmpeq               
20006b01  __aeabi_cdcmple               
20006b87  __aeabi_cdrcmple              
200071a9  __aeabi_d2iz                  
2000589b  __aeabi_dadd                  
20005cfd  __aeabi_ddiv                  
20005f55  __aeabi_dmul                  
20005891  __aeabi_dsub                  
20007811  __aeabi_errno_addr            
20007419  __aeabi_i2d                   
20005a47  __aeabi_idiv0                 
20005a47  __aeabi_ldiv0                 
20006d05  __aeabi_memclr                
20006d05  __aeabi_memclr4               
20006d05  __aeabi_memclr8               
20006829  __aeabi_memcpy                
20006829  __aeabi_memcpy4               
20006829  __aeabi_memcpy8               
20006d07  __aeabi_memset                
20006d07  __aeabi_memset4               
20006d07  __aeabi_memset8               
200068c5  __aeabi_uldivmod              
ffffffff  __binit__                     
ffffffff  __c_args__                    
UNDEFED   __mpu_init                    
2002f800  __stack                       
20007515  _c_int00_noargs               
20007830  _ctypes_                      
200178d0  _lock                         
20004e4f  _nop                          
20017000  _sys_memory                   
UNDEFED   _system_post_cinit            
20007827  _system_pre_init              
200178d4  _unlock                       
2000782b  abort                         
20006051  aligned_alloc                 
20007115  atoi                          
ffffffff  binit                         
200077fb  copysign                      
200077fb  copysignl                     
200178e0  errno                         
20006145  free                          
20006ecd  frexp                         
20006ecd  frexpl                        
20004000  g_pfnVectors                  
200063d5  ldexp                         
200063d5  ldexpl                        
20006fd7  ltoa                          
20004fef  main                          
20007819  malloc                        
20006051  memalign                      
20007671  memccpy                       
20006829  memcpy                        
20007539  memmove                       
20006d0d  memset                        
2000622d  realloc                       
200063d5  scalbn                        
200063d5  scalbnl                       
2000777b  strchr                        
200077b9  strlen                        
200072fd  vsnprintf                     
200077cd  wcslen                        


GLOBAL SYMBOLS: SORTED BY Symbol Address 

address   name                          
-------   ----                          
00000800  __STACK_SIZE                  
00000800  __SYSMEM_SIZE                 
20004000  g_pfnVectors                  
20004401  __TI_printfi                  
20004e4f  _nop                          
20004ec1  MasterMain                    
20004f7f  SlaveMain                     
20004fef  main                          
200051dd  InitTerm                      
200051fb  Message                       
2000521d  ClearTerm                     
20005227  Error                         
2000525f  GetCmd                        
20005305  TrimSpace                     
2000539d  Report                        
20005891  __aeabi_dsub                  
2000589b  __aeabi_dadd                  
20005a47  __aeabi_idiv0                 
20005a47  __aeabi_ldiv0                 
20005a49  PRCMCC3200MCUInit             
20005cfd  __aeabi_ddiv                  
20005f55  __aeabi_dmul                  
20006051  aligned_alloc                 
20006051  memalign                      
20006145  free                          
2000622d  realloc                       
200063d5  ldexp                         
200063d5  ldexpl                        
200063d5  scalbn                        
200063d5  scalbnl                       
200066e1  IntEnable                     
20006789  SPIConfigSetExpClk            
20006829  __aeabi_memcpy                
20006829  __aeabi_memcpy4               
20006829  __aeabi_memcpy8               
20006829  memcpy                        
200068c5  __aeabi_uldivmod              
2000695d  PRCMPeripheralClockGet        
200069f1  PinConfigSet                  
20006a79  SPITransfer                   
20006b01  __aeabi_cdcmpeq               
20006b01  __aeabi_cdcmple               
20006b87  __aeabi_cdrcmple              
20006c0d  SPIIntStatus                  
20006d05  __aeabi_memclr                
20006d05  __aeabi_memclr4               
20006d05  __aeabi_memclr8               
20006d07  __aeabi_memset                
20006d07  __aeabi_memset4               
20006d07  __aeabi_memset8               
20006d0d  memset                        
20006d7f  UARTConfigSetExpClk           
20006e63  __TI_decompress_lzss          
20006ecd  frexp                         
20006ecd  frexpl                        
20006f29  PRCMPeripheralReset           
20006fd7  ltoa                          
2000707d  SPIIntEnable                  
20007115  atoi                          
20007161  SPIIntClear                   
200071a9  __aeabi_d2iz                  
20007235  __TI_auto_init_nobinit_nopinit
20007279  PinMuxConfig                  
200072bd  PinModeSet                    
200072fd  vsnprintf                     
2000737d  PRCMPeripheralClkEnable       
200073b9  UARTDisable                   
20007419  __aeabi_i2d                   
20007449  PRCMSysResetCauseGet          
20007475  SPIDataGetNonBlocking         
200074a1  PRCMPeripheralClkDisable      
200074f1  UARTEnable                    
20007515  _c_int00_noargs               
20007539  memmove                       
2000755d  SPIReset                      
20007581  IntRegister                   
200075a1  SPIDataGet                    
200075c1  SPIDataPut                    
200075df  SPIIntRegister                
200075fd  UARTCharPut                   
2000761b  UARTCharGetNonBlocking        
20007637  __TI_zero_init_nomemset       
20007671  memccpy                       
2000768d  PinTypeSPI                    
200076a7  PinTypeUART                   
200076c1  SPICSDisable                  
200076d9  SPICSEnable                   
200076f1  SPIEnable                     
20007709  UARTCharsAvail                
20007739  PRCMHIBRegRead                
2000774f  PRCMHIBRegWrite               
20007765  UARTCharGet                   
2000777b  strchr                        
20007791  CPUcpsie                      
200077a5  IntVTableBaseSet              
200077b9  strlen                        
200077cd  wcslen                        
200077df  __TI_decompress_none          
200077ed  ResetISR                      
200077fb  copysign                      
200077fb  copysignl                     
20007807  IntMasterEnable               
20007811  __aeabi_errno_addr            
20007819  malloc                        
20007821  UtilsDelay                    
20007827  _system_pre_init              
2000782b  C$$EXIT                       
2000782b  abort                         
20007830  _ctypes_                      
20007b30  __TI_static_base__            
20007b40  __TI_Handler_Table_Base       
20007b4c  __TI_Handler_Table_Limit      
20007b58  __TI_CINIT_Base               
20007b68  __TI_CINIT_Limit              
20017000  _sys_memory                   
200178d0  _lock                         
200178d4  _unlock                       
200178e0  errno                         
2002f800  __stack                       
20030000  __STACK_END                   
ffffffff  __TI_pprof_out_hndl           
ffffffff  __TI_prof_data_size           
ffffffff  __TI_prof_data_start          
ffffffff  __binit__                     
ffffffff  __c_args__                    
ffffffff  binit                         
UNDEFED   __mpu_init                    
UNDEFED   _system_post_cinit            

[128 symbols]
